{
  "version": "1.5.0",
  "plugins_used": [
    {
      "name": "ArtifactoryDetector"
    },
    {
      "name": "AWSKeyDetector"
    },
    {
      "name": "AzureStorageKeyDetector"
    },
    {
      "name": "Base64HighEntropyString",
      "limit": 4.5
    },
    {
      "name": "BasicAuthDetector"
    },
    {
      "name": "CloudantDetector"
    },
    {
      "name": "DiscordBotTokenDetector"
    },
    {
      "name": "GitHubTokenDetector"
    },
    {
      "name": "GitLabTokenDetector"
    },
    {
      "name": "HexHighEntropyString",
      "limit": 3.0
    },
    {
      "name": "IbmCloudIamDetector"
    },
    {
      "name": "IbmCosHmacDetector"
    },
    {
      "name": "IPPublicDetector"
    },
    {
      "name": "JwtTokenDetector"
    },
    {
      "name": "KeywordDetector",
      "keyword_exclude": ""
    },
    {
      "name": "MailchimpDetector"
    },
    {
      "name": "NpmDetector"
    },
    {
      "name": "OpenAIDetector"
    },
    {
      "name": "PrivateKeyDetector"
    },
    {
      "name": "PypiTokenDetector"
    },
    {
      "name": "SendGridDetector"
    },
    {
      "name": "SlackDetector"
    },
    {
      "name": "SoftlayerDetector"
    },
    {
      "name": "SquareOAuthDetector"
    },
    {
      "name": "StripeDetector"
    },
    {
      "name": "TelegramBotTokenDetector"
    },
    {
      "name": "TwilioKeyDetector"
    }
  ],
  "filters_used": [
    {
      "path": "detect_secrets.filters.allowlist.is_line_allowlisted"
    },
    {
      "path": "detect_secrets.filters.common.is_baseline_file",
      "filename": ".secrets.baseline"
    },
    {
      "path": "detect_secrets.filters.common.is_ignored_due_to_verification_policies",
      "min_level": 2
    },
    {
      "path": "detect_secrets.filters.heuristic.is_indirect_reference"
    },
    {
      "path": "detect_secrets.filters.heuristic.is_likely_id_string"
    },
    {
      "path": "detect_secrets.filters.heuristic.is_lock_file"
    },
    {
      "path": "detect_secrets.filters.heuristic.is_not_alphanumeric_string"
    },
    {
      "path": "detect_secrets.filters.heuristic.is_potential_uuid"
    },
    {
      "path": "detect_secrets.filters.heuristic.is_prefixed_with_dollar_sign"
    },
    {
      "path": "detect_secrets.filters.heuristic.is_sequential_string"
    },
    {
      "path": "detect_secrets.filters.heuristic.is_swagger_file"
    },
    {
      "path": "detect_secrets.filters.heuristic.is_templated_secret"
    }
  ],
  "results": {
    "GIT.md": [
      {
        "type": "Basic Auth Credentials",
        "filename": "GIT.md",
        "hashed_secret": "c267b646441a206d44803d8cb20896c4a166cac2",
        "is_verified": false,
        "line_number": 198,
        "is_secret": false
      }
    ],
    "GITHUB-Actions/projects/manus_github_actions_web_api/code/example-api/.github/actions/setup-and-test/action.yml": [
      {
        "type": "Secret Keyword",
        "filename": "GITHUB-Actions/projects/manus_github_actions_web_api/code/example-api/.github/actions/setup-and-test/action.yml",
        "hashed_secret": "e207ae711adb68860162f3ef4bebd5b57a71c66f",
        "is_verified": false,
        "line_number": 41
      }
    ],
    "GITHUB-Actions/projects/manus_github_actions_web_api/code/example-api/.github/workflows/advanced-features.yml": [
      {
        "type": "Secret Keyword",
        "filename": "GITHUB-Actions/projects/manus_github_actions_web_api/code/example-api/.github/workflows/advanced-features.yml",
        "hashed_secret": "9c8dacc6b37a5fab6ebb71407c1846c683859a42",
        "is_verified": false,
        "line_number": 147
      }
    ],
    "GITHUB-Actions/projects/manus_github_actions_web_api/code/example-api/.github/workflows/ci.yml": [
      {
        "type": "Secret Keyword",
        "filename": "GITHUB-Actions/projects/manus_github_actions_web_api/code/example-api/.github/workflows/ci.yml",
        "hashed_secret": "e207ae711adb68860162f3ef4bebd5b57a71c66f",
        "is_verified": false,
        "line_number": 67
      }
    ],
    "GITHUB-Actions/projects/manus_github_actions_web_api/docs/best_practices.md": [
      {
        "type": "Hex High Entropy String",
        "filename": "GITHUB-Actions/projects/manus_github_actions_web_api/docs/best_practices.md",
        "hashed_secret": "ff998abc1ce6d8f01a675fa197368e44c8916e9c",
        "is_verified": false,
        "line_number": 126
      }
    ],
    "GITHUB-Actions/projects/manus_improved_github_actions_web_api/code/example-api/.github/actions/setup-and-test/action.yml": [
      {
        "type": "Secret Keyword",
        "filename": "GITHUB-Actions/projects/manus_improved_github_actions_web_api/code/example-api/.github/actions/setup-and-test/action.yml",
        "hashed_secret": "e207ae711adb68860162f3ef4bebd5b57a71c66f",
        "is_verified": false,
        "line_number": 41
      }
    ],
    "GITHUB-Actions/projects/manus_improved_github_actions_web_api/code/example-api/.github/workflows/advanced-features.yml": [
      {
        "type": "Secret Keyword",
        "filename": "GITHUB-Actions/projects/manus_improved_github_actions_web_api/code/example-api/.github/workflows/advanced-features.yml",
        "hashed_secret": "9c8dacc6b37a5fab6ebb71407c1846c683859a42",
        "is_verified": false,
        "line_number": 147
      }
    ],
    "GITHUB-Actions/projects/manus_improved_github_actions_web_api/code/example-api/.github/workflows/ci.yml": [
      {
        "type": "Secret Keyword",
        "filename": "GITHUB-Actions/projects/manus_improved_github_actions_web_api/code/example-api/.github/workflows/ci.yml",
        "hashed_secret": "e207ae711adb68860162f3ef4bebd5b57a71c66f",
        "is_verified": false,
        "line_number": 67
      }
    ],
    "GITHUB-Actions/projects/manus_improved_github_actions_web_api/docs/best_practices.md": [
      {
        "type": "Hex High Entropy String",
        "filename": "GITHUB-Actions/projects/manus_improved_github_actions_web_api/docs/best_practices.md",
        "hashed_secret": "ff998abc1ce6d8f01a675fa197368e44c8916e9c",
        "is_verified": false,
        "line_number": 126
      }
    ],
    "Selenium/Selenium-IDE-Generated/allure-results-1/c128fe94-bd40-4e2b-90d3-8cfbbbed8213-result.json": [
      {
        "type": "Hex High Entropy String",
        "filename": "Selenium/Selenium-IDE-Generated/allure-results-1/c128fe94-bd40-4e2b-90d3-8cfbbbed8213-result.json",
        "hashed_secret": "d96812d3c7e83522da8478ffccfb195512be5a33",
        "is_verified": false,
        "line_number": 1
      }
    ],
    "Selenium/Selenium-IDE-Generated/allure-results-10/d056e952-885a-4436-b023-0420ee7ffff3-result.json": [
      {
        "type": "Hex High Entropy String",
        "filename": "Selenium/Selenium-IDE-Generated/allure-results-10/d056e952-885a-4436-b023-0420ee7ffff3-result.json",
        "hashed_secret": "d96812d3c7e83522da8478ffccfb195512be5a33",
        "is_verified": false,
        "line_number": 1
      }
    ],
    "Selenium/Selenium-IDE-Generated/allure-results-2/bc4e7100-1169-4f45-8663-a8359dd25c8a-result.json": [
      {
        "type": "Hex High Entropy String",
        "filename": "Selenium/Selenium-IDE-Generated/allure-results-2/bc4e7100-1169-4f45-8663-a8359dd25c8a-result.json",
        "hashed_secret": "d96812d3c7e83522da8478ffccfb195512be5a33",
        "is_verified": false,
        "line_number": 1
      }
    ],
    "Selenium/Selenium-IDE-Generated/allure-results-3/23f82b2c-bd0b-4139-94fc-bdb3f366f037-result.json": [
      {
        "type": "Hex High Entropy String",
        "filename": "Selenium/Selenium-IDE-Generated/allure-results-3/23f82b2c-bd0b-4139-94fc-bdb3f366f037-result.json",
        "hashed_secret": "d96812d3c7e83522da8478ffccfb195512be5a33",
        "is_verified": false,
        "line_number": 1
      }
    ],
    "Selenium/Selenium-IDE-Generated/allure-results-4/0835e429-5baa-444d-b5b2-d608351a0f6b-result.json": [
      {
        "type": "Hex High Entropy String",
        "filename": "Selenium/Selenium-IDE-Generated/allure-results-4/0835e429-5baa-444d-b5b2-d608351a0f6b-result.json",
        "hashed_secret": "d96812d3c7e83522da8478ffccfb195512be5a33",
        "is_verified": false,
        "line_number": 1
      }
    ],
    "Selenium/Selenium-IDE-Generated/allure-results-5/2338e5d8-b8ad-4b5d-987e-ad9541dd2566-result.json": [
      {
        "type": "Hex High Entropy String",
        "filename": "Selenium/Selenium-IDE-Generated/allure-results-5/2338e5d8-b8ad-4b5d-987e-ad9541dd2566-result.json",
        "hashed_secret": "d96812d3c7e83522da8478ffccfb195512be5a33",
        "is_verified": false,
        "line_number": 1
      }
    ],
    "Selenium/Selenium-IDE-Generated/allure-results-6/b7a4a99d-948e-4dd3-b7a9-6a0e2717086b-result.json": [
      {
        "type": "Hex High Entropy String",
        "filename": "Selenium/Selenium-IDE-Generated/allure-results-6/b7a4a99d-948e-4dd3-b7a9-6a0e2717086b-result.json",
        "hashed_secret": "d96812d3c7e83522da8478ffccfb195512be5a33",
        "is_verified": false,
        "line_number": 1
      }
    ],
    "Selenium/Selenium-IDE-Generated/allure-results-7/57c61d92-cbfc-4b90-b0c2-ec1cdcce0b57-result.json": [
      {
        "type": "Hex High Entropy String",
        "filename": "Selenium/Selenium-IDE-Generated/allure-results-7/57c61d92-cbfc-4b90-b0c2-ec1cdcce0b57-result.json",
        "hashed_secret": "d96812d3c7e83522da8478ffccfb195512be5a33",
        "is_verified": false,
        "line_number": 1
      }
    ],
    "Selenium/Selenium-IDE-Generated/allure-results-8/b12c4930-c48f-4865-bc3b-4173f104257f-result.json": [
      {
        "type": "Hex High Entropy String",
        "filename": "Selenium/Selenium-IDE-Generated/allure-results-8/b12c4930-c48f-4865-bc3b-4173f104257f-result.json",
        "hashed_secret": "d96812d3c7e83522da8478ffccfb195512be5a33",
        "is_verified": false,
        "line_number": 1
      }
    ],
    "Selenium/Selenium-IDE-Generated/allure-results-9/0d4c0f95-80bb-43b9-8c52-ac6d45f836c5-result.json": [
      {
        "type": "Hex High Entropy String",
        "filename": "Selenium/Selenium-IDE-Generated/allure-results-9/0d4c0f95-80bb-43b9-8c52-ac6d45f836c5-result.json",
        "hashed_secret": "d96812d3c7e83522da8478ffccfb195512be5a33",
        "is_verified": false,
        "line_number": 1
      }
    ],
    "Selenium/Selenium-IDE-Generated/allure-results/03aa4ec1-d684-447d-941e-bbee9b30c98a-result.json": [
      {
        "type": "Hex High Entropy String",
        "filename": "Selenium/Selenium-IDE-Generated/allure-results/03aa4ec1-d684-447d-941e-bbee9b30c98a-result.json",
        "hashed_secret": "07ba271713f83d488633679cbbfb6d769936d7be",
        "is_verified": false,
        "line_number": 1
      },
      {
        "type": "Hex High Entropy String",
        "filename": "Selenium/Selenium-IDE-Generated/allure-results/03aa4ec1-d684-447d-941e-bbee9b30c98a-result.json",
        "hashed_secret": "52713a57b687719fc2429d092794aaa3567482ca",
        "is_verified": false,
        "line_number": 1
      }
    ],
    "Selenium/Selenium-IDE-Generated/allure-results/357a31c9-6e8b-415d-ab64-338f481ae826-result.json": [
      {
        "type": "Hex High Entropy String",
        "filename": "Selenium/Selenium-IDE-Generated/allure-results/357a31c9-6e8b-415d-ab64-338f481ae826-result.json",
        "hashed_secret": "52713a57b687719fc2429d092794aaa3567482ca",
        "is_verified": false,
        "line_number": 1
      },
      {
        "type": "Hex High Entropy String",
        "filename": "Selenium/Selenium-IDE-Generated/allure-results/357a31c9-6e8b-415d-ab64-338f481ae826-result.json",
        "hashed_secret": "e309ccdde9e336cd29404ca34a021a75e3344d40",
        "is_verified": false,
        "line_number": 1
      }
    ],
    "Selenium/Selenium-IDE-Generated/allure-results/37d1abd5-5816-44b6-b736-ffa2fa32c387-result.json": [
      {
        "type": "Hex High Entropy String",
        "filename": "Selenium/Selenium-IDE-Generated/allure-results/37d1abd5-5816-44b6-b736-ffa2fa32c387-result.json",
        "hashed_secret": "52713a57b687719fc2429d092794aaa3567482ca",
        "is_verified": false,
        "line_number": 1
      },
      {
        "type": "Hex High Entropy String",
        "filename": "Selenium/Selenium-IDE-Generated/allure-results/37d1abd5-5816-44b6-b736-ffa2fa32c387-result.json",
        "hashed_secret": "bdaf182847a12c48120fea2bfdc9a645321b109b",
        "is_verified": false,
        "line_number": 1
      }
    ],
    "Selenium/Selenium-IDE-Generated/allure-results/37dbef19-e898-4afe-a068-daf407160644-result.json": [
      {
        "type": "Hex High Entropy String",
        "filename": "Selenium/Selenium-IDE-Generated/allure-results/37dbef19-e898-4afe-a068-daf407160644-result.json",
        "hashed_secret": "1fb7342f1ef474db981f48b5d1dab272fde347d0",
        "is_verified": false,
        "line_number": 1
      },
      {
        "type": "Hex High Entropy String",
        "filename": "Selenium/Selenium-IDE-Generated/allure-results/37dbef19-e898-4afe-a068-daf407160644-result.json",
        "hashed_secret": "52713a57b687719fc2429d092794aaa3567482ca",
        "is_verified": false,
        "line_number": 1
      }
    ],
    "Selenium/Selenium-IDE-Generated/allure-results/3acf3208-9cbe-4808-8cd9-0f631af1cb6b-result.json": [
      {
        "type": "Hex High Entropy String",
        "filename": "Selenium/Selenium-IDE-Generated/allure-results/3acf3208-9cbe-4808-8cd9-0f631af1cb6b-result.json",
        "hashed_secret": "52713a57b687719fc2429d092794aaa3567482ca",
        "is_verified": false,
        "line_number": 1
      },
      {
        "type": "Hex High Entropy String",
        "filename": "Selenium/Selenium-IDE-Generated/allure-results/3acf3208-9cbe-4808-8cd9-0f631af1cb6b-result.json",
        "hashed_secret": "e33086f3fa099356147ba3c280ee7729a0ec643b",
        "is_verified": false,
        "line_number": 1
      }
    ],
    "Selenium/Selenium-IDE-Generated/allure-results/505617f0-c0e2-4ff5-bfb7-63aa703bb1b0-result.json": [
      {
        "type": "Hex High Entropy String",
        "filename": "Selenium/Selenium-IDE-Generated/allure-results/505617f0-c0e2-4ff5-bfb7-63aa703bb1b0-result.json",
        "hashed_secret": "52713a57b687719fc2429d092794aaa3567482ca",
        "is_verified": false,
        "line_number": 1
      },
      {
        "type": "Hex High Entropy String",
        "filename": "Selenium/Selenium-IDE-Generated/allure-results/505617f0-c0e2-4ff5-bfb7-63aa703bb1b0-result.json",
        "hashed_secret": "e309ccdde9e336cd29404ca34a021a75e3344d40",
        "is_verified": false,
        "line_number": 1
      }
    ],
    "Selenium/Selenium-IDE-Generated/allure-results/69c1fa4b-9894-4437-a668-ce0f6e89504b-result.json": [
      {
        "type": "Hex High Entropy String",
        "filename": "Selenium/Selenium-IDE-Generated/allure-results/69c1fa4b-9894-4437-a668-ce0f6e89504b-result.json",
        "hashed_secret": "3f481f65ac197c3a7e2e607a4f5d669b3b985894",
        "is_verified": false,
        "line_number": 1
      },
      {
        "type": "Hex High Entropy String",
        "filename": "Selenium/Selenium-IDE-Generated/allure-results/69c1fa4b-9894-4437-a668-ce0f6e89504b-result.json",
        "hashed_secret": "52713a57b687719fc2429d092794aaa3567482ca",
        "is_verified": false,
        "line_number": 1
      }
    ],
    "Selenium/Selenium-IDE-Generated/allure-results/6abb6330-98da-4961-a584-a54b062eb081-result.json": [
      {
        "type": "Hex High Entropy String",
        "filename": "Selenium/Selenium-IDE-Generated/allure-results/6abb6330-98da-4961-a584-a54b062eb081-result.json",
        "hashed_secret": "52713a57b687719fc2429d092794aaa3567482ca",
        "is_verified": false,
        "line_number": 1
      },
      {
        "type": "Hex High Entropy String",
        "filename": "Selenium/Selenium-IDE-Generated/allure-results/6abb6330-98da-4961-a584-a54b062eb081-result.json",
        "hashed_secret": "92358a1e564be9d38fd1eec22ec94a3f64f089e8",
        "is_verified": false,
        "line_number": 1
      }
    ],
    "Selenium/Selenium-IDE-Generated/allure-results/728e22f5-072c-45d4-ad03-e636caca5a54-result.json": [
      {
        "type": "Hex High Entropy String",
        "filename": "Selenium/Selenium-IDE-Generated/allure-results/728e22f5-072c-45d4-ad03-e636caca5a54-result.json",
        "hashed_secret": "52713a57b687719fc2429d092794aaa3567482ca",
        "is_verified": false,
        "line_number": 1
      },
      {
        "type": "Hex High Entropy String",
        "filename": "Selenium/Selenium-IDE-Generated/allure-results/728e22f5-072c-45d4-ad03-e636caca5a54-result.json",
        "hashed_secret": "92358a1e564be9d38fd1eec22ec94a3f64f089e8",
        "is_verified": false,
        "line_number": 1
      }
    ],
    "Selenium/Selenium-IDE-Generated/allure-results/82ab6c3a-e5cb-4cbb-a16e-beb1e19129e6-result.json": [
      {
        "type": "Hex High Entropy String",
        "filename": "Selenium/Selenium-IDE-Generated/allure-results/82ab6c3a-e5cb-4cbb-a16e-beb1e19129e6-result.json",
        "hashed_secret": "52713a57b687719fc2429d092794aaa3567482ca",
        "is_verified": false,
        "line_number": 1
      },
      {
        "type": "Hex High Entropy String",
        "filename": "Selenium/Selenium-IDE-Generated/allure-results/82ab6c3a-e5cb-4cbb-a16e-beb1e19129e6-result.json",
        "hashed_secret": "5a259cdd8d7b047819ee6dcbac220048a55f5e3e",
        "is_verified": false,
        "line_number": 1
      }
    ],
    "Selenium/Selenium-IDE-Generated/allure-results/934328ea-d773-4781-b7f1-c8323cad3ec1-result.json": [
      {
        "type": "Hex High Entropy String",
        "filename": "Selenium/Selenium-IDE-Generated/allure-results/934328ea-d773-4781-b7f1-c8323cad3ec1-result.json",
        "hashed_secret": "52713a57b687719fc2429d092794aaa3567482ca",
        "is_verified": false,
        "line_number": 1
      },
      {
        "type": "Hex High Entropy String",
        "filename": "Selenium/Selenium-IDE-Generated/allure-results/934328ea-d773-4781-b7f1-c8323cad3ec1-result.json",
        "hashed_secret": "bdaf182847a12c48120fea2bfdc9a645321b109b",
        "is_verified": false,
        "line_number": 1
      }
    ],
    "Selenium/Selenium-IDE-Generated/allure-results/94586579-a4a7-4769-bfc2-028b25889f54-result.json": [
      {
        "type": "Hex High Entropy String",
        "filename": "Selenium/Selenium-IDE-Generated/allure-results/94586579-a4a7-4769-bfc2-028b25889f54-result.json",
        "hashed_secret": "185fa8d8691a165f002ccbc8024c50920737c117",
        "is_verified": false,
        "line_number": 1
      },
      {
        "type": "Hex High Entropy String",
        "filename": "Selenium/Selenium-IDE-Generated/allure-results/94586579-a4a7-4769-bfc2-028b25889f54-result.json",
        "hashed_secret": "52713a57b687719fc2429d092794aaa3567482ca",
        "is_verified": false,
        "line_number": 1
      }
    ],
    "Selenium/Selenium-IDE-Generated/allure-results/9e0888dc-38ba-4075-82db-380f358b89e9-result.json": [
      {
        "type": "Hex High Entropy String",
        "filename": "Selenium/Selenium-IDE-Generated/allure-results/9e0888dc-38ba-4075-82db-380f358b89e9-result.json",
        "hashed_secret": "185fa8d8691a165f002ccbc8024c50920737c117",
        "is_verified": false,
        "line_number": 1
      },
      {
        "type": "Hex High Entropy String",
        "filename": "Selenium/Selenium-IDE-Generated/allure-results/9e0888dc-38ba-4075-82db-380f358b89e9-result.json",
        "hashed_secret": "52713a57b687719fc2429d092794aaa3567482ca",
        "is_verified": false,
        "line_number": 1
      }
    ],
    "Selenium/Selenium-IDE-Generated/allure-results/a89c65fb-03fc-47e2-a19c-debbbccc3d41-result.json": [
      {
        "type": "Hex High Entropy String",
        "filename": "Selenium/Selenium-IDE-Generated/allure-results/a89c65fb-03fc-47e2-a19c-debbbccc3d41-result.json",
        "hashed_secret": "3f481f65ac197c3a7e2e607a4f5d669b3b985894",
        "is_verified": false,
        "line_number": 1
      },
      {
        "type": "Hex High Entropy String",
        "filename": "Selenium/Selenium-IDE-Generated/allure-results/a89c65fb-03fc-47e2-a19c-debbbccc3d41-result.json",
        "hashed_secret": "52713a57b687719fc2429d092794aaa3567482ca",
        "is_verified": false,
        "line_number": 1
      }
    ],
    "Selenium/Selenium-IDE-Generated/allure-results/bc57bc56-0bbd-4a1f-8da4-a2f0db17bc13-result.json": [
      {
        "type": "Hex High Entropy String",
        "filename": "Selenium/Selenium-IDE-Generated/allure-results/bc57bc56-0bbd-4a1f-8da4-a2f0db17bc13-result.json",
        "hashed_secret": "52713a57b687719fc2429d092794aaa3567482ca",
        "is_verified": false,
        "line_number": 1
      },
      {
        "type": "Hex High Entropy String",
        "filename": "Selenium/Selenium-IDE-Generated/allure-results/bc57bc56-0bbd-4a1f-8da4-a2f0db17bc13-result.json",
        "hashed_secret": "e33086f3fa099356147ba3c280ee7729a0ec643b",
        "is_verified": false,
        "line_number": 1
      }
    ],
    "Selenium/Selenium-IDE-Generated/allure-results/c0c1b327-3b79-4972-b70e-6265a6124994-result.json": [
      {
        "type": "Hex High Entropy String",
        "filename": "Selenium/Selenium-IDE-Generated/allure-results/c0c1b327-3b79-4972-b70e-6265a6124994-result.json",
        "hashed_secret": "07ba271713f83d488633679cbbfb6d769936d7be",
        "is_verified": false,
        "line_number": 1
      },
      {
        "type": "Hex High Entropy String",
        "filename": "Selenium/Selenium-IDE-Generated/allure-results/c0c1b327-3b79-4972-b70e-6265a6124994-result.json",
        "hashed_secret": "52713a57b687719fc2429d092794aaa3567482ca",
        "is_verified": false,
        "line_number": 1
      }
    ],
    "Selenium/Selenium-IDE-Generated/allure-results/c2175488-aff4-4e02-b27a-62308e319e29-result.json": [
      {
        "type": "Hex High Entropy String",
        "filename": "Selenium/Selenium-IDE-Generated/allure-results/c2175488-aff4-4e02-b27a-62308e319e29-result.json",
        "hashed_secret": "1fb7342f1ef474db981f48b5d1dab272fde347d0",
        "is_verified": false,
        "line_number": 1
      },
      {
        "type": "Hex High Entropy String",
        "filename": "Selenium/Selenium-IDE-Generated/allure-results/c2175488-aff4-4e02-b27a-62308e319e29-result.json",
        "hashed_secret": "52713a57b687719fc2429d092794aaa3567482ca",
        "is_verified": false,
        "line_number": 1
      }
    ],
    "Selenium/Selenium-IDE-Generated/allure-results/c3d06411-36f6-4aa4-aaf5-5ae501440b1e-result.json": [
      {
        "type": "Hex High Entropy String",
        "filename": "Selenium/Selenium-IDE-Generated/allure-results/c3d06411-36f6-4aa4-aaf5-5ae501440b1e-result.json",
        "hashed_secret": "52713a57b687719fc2429d092794aaa3567482ca",
        "is_verified": false,
        "line_number": 1
      },
      {
        "type": "Hex High Entropy String",
        "filename": "Selenium/Selenium-IDE-Generated/allure-results/c3d06411-36f6-4aa4-aaf5-5ae501440b1e-result.json",
        "hashed_secret": "99aa36ed73b888270d6c41668c67e27b72bb4bd8",
        "is_verified": false,
        "line_number": 1
      }
    ],
    "Selenium/Selenium-IDE-Generated/allure-results/c947f49c-9b3b-41a7-9b73-146c6c190691-result.json": [
      {
        "type": "Hex High Entropy String",
        "filename": "Selenium/Selenium-IDE-Generated/allure-results/c947f49c-9b3b-41a7-9b73-146c6c190691-result.json",
        "hashed_secret": "52713a57b687719fc2429d092794aaa3567482ca",
        "is_verified": false,
        "line_number": 1
      },
      {
        "type": "Hex High Entropy String",
        "filename": "Selenium/Selenium-IDE-Generated/allure-results/c947f49c-9b3b-41a7-9b73-146c6c190691-result.json",
        "hashed_secret": "5a259cdd8d7b047819ee6dcbac220048a55f5e3e",
        "is_verified": false,
        "line_number": 1
      }
    ],
    "Selenium/Selenium-IDE-Generated/allure-results/d7debabd-885e-46ba-8a63-d204d90b99b7-result.json": [
      {
        "type": "Hex High Entropy String",
        "filename": "Selenium/Selenium-IDE-Generated/allure-results/d7debabd-885e-46ba-8a63-d204d90b99b7-result.json",
        "hashed_secret": "52713a57b687719fc2429d092794aaa3567482ca",
        "is_verified": false,
        "line_number": 1
      },
      {
        "type": "Hex High Entropy String",
        "filename": "Selenium/Selenium-IDE-Generated/allure-results/d7debabd-885e-46ba-8a63-d204d90b99b7-result.json",
        "hashed_secret": "99aa36ed73b888270d6c41668c67e27b72bb4bd8",
        "is_verified": false,
        "line_number": 1
      }
    ],
    "Selenium/Selenium-IDE-Generated/merged-results/app.js": [
      {
        "type": "Hex High Entropy String",
        "filename": "Selenium/Selenium-IDE-Generated/merged-results/app.js",
        "hashed_secret": "3417f07568d034c705dfb7f69c59a13a4115e51c",
        "is_verified": false,
        "line_number": 2
      }
    ],
    "Selenium/Selenium-IDE-Generated/merged-results/data/behaviors.json": [
      {
        "type": "Hex High Entropy String",
        "filename": "Selenium/Selenium-IDE-Generated/merged-results/data/behaviors.json",
        "hashed_secret": "c50694178d08cf8e2b343af4f4b70a3b7ba7eefa",
        "is_verified": false,
        "line_number": 1
      }
    ],
    "Selenium/Selenium-IDE-Generated/merged-results/data/categories.json": [
      {
        "type": "Hex High Entropy String",
        "filename": "Selenium/Selenium-IDE-Generated/merged-results/data/categories.json",
        "hashed_secret": "b4b7f1a2b1bc3ce89ea7a48c2d5e7d28a58a7a30",
        "is_verified": false,
        "line_number": 1
      }
    ],
    "Selenium/Selenium-IDE-Generated/merged-results/data/packages.json": [
      {
        "type": "Hex High Entropy String",
        "filename": "Selenium/Selenium-IDE-Generated/merged-results/data/packages.json",
        "hashed_secret": "06aac1cdcfafeac05033439dd580c9fff8c94d82",
        "is_verified": false,
        "line_number": 1
      },
      {
        "type": "Hex High Entropy String",
        "filename": "Selenium/Selenium-IDE-Generated/merged-results/data/packages.json",
        "hashed_secret": "2b07b5ee1b890247d92c8974213b05550dc93eec",
        "is_verified": false,
        "line_number": 1
      }
    ],
    "Selenium/Selenium-IDE-Generated/merged-results/data/suites.json": [
      {
        "type": "Hex High Entropy String",
        "filename": "Selenium/Selenium-IDE-Generated/merged-results/data/suites.json",
        "hashed_secret": "7c3701667da5f55dd10af711a5823382ea3a6108",
        "is_verified": false,
        "line_number": 1
      },
      {
        "type": "Hex High Entropy String",
        "filename": "Selenium/Selenium-IDE-Generated/merged-results/data/suites.json",
        "hashed_secret": "e371b7a534cd8288400fbf67a65d866779638862",
        "is_verified": false,
        "line_number": 1
      },
      {
        "type": "Hex High Entropy String",
        "filename": "Selenium/Selenium-IDE-Generated/merged-results/data/suites.json",
        "hashed_secret": "e99ae4d12abcef46f869926da26cb9fc7f9f163b",
        "is_verified": false,
        "line_number": 1
      }
    ],
    "Selenium/Selenium-IDE-Generated/merged-results/data/test-cases/2285f5da5aa66cf.json": [
      {
        "type": "Hex High Entropy String",
        "filename": "Selenium/Selenium-IDE-Generated/merged-results/data/test-cases/2285f5da5aa66cf.json",
        "hashed_secret": "d96812d3c7e83522da8478ffccfb195512be5a33",
        "is_verified": false,
        "line_number": 1
      }
    ],
    "Selenium/Selenium-IDE-Generated/merged-results/data/test-cases/248ae03de0734cd6.json": [
      {
        "type": "Hex High Entropy String",
        "filename": "Selenium/Selenium-IDE-Generated/merged-results/data/test-cases/248ae03de0734cd6.json",
        "hashed_secret": "78d2b028b6687e4c56ba29ad5de55d513fc790a9",
        "is_verified": false,
        "line_number": 1
      },
      {
        "type": "Hex High Entropy String",
        "filename": "Selenium/Selenium-IDE-Generated/merged-results/data/test-cases/248ae03de0734cd6.json",
        "hashed_secret": "d96812d3c7e83522da8478ffccfb195512be5a33",
        "is_verified": false,
        "line_number": 1
      }
    ],
    "Selenium/Selenium-IDE-Generated/merged-results/data/test-cases/41855897606c8d98.json": [
      {
        "type": "Hex High Entropy String",
        "filename": "Selenium/Selenium-IDE-Generated/merged-results/data/test-cases/41855897606c8d98.json",
        "hashed_secret": "34d3b8ba5abda7a7e4ab89135091f77f85914504",
        "is_verified": false,
        "line_number": 1
      },
      {
        "type": "Hex High Entropy String",
        "filename": "Selenium/Selenium-IDE-Generated/merged-results/data/test-cases/41855897606c8d98.json",
        "hashed_secret": "d96812d3c7e83522da8478ffccfb195512be5a33",
        "is_verified": false,
        "line_number": 1
      }
    ],
    "Selenium/Selenium-IDE-Generated/merged-results/data/test-cases/67a076304cf54fdd.json": [
      {
        "type": "Hex High Entropy String",
        "filename": "Selenium/Selenium-IDE-Generated/merged-results/data/test-cases/67a076304cf54fdd.json",
        "hashed_secret": "c39c6ea83f543edfeedc0574b3e22932de9d8011",
        "is_verified": false,
        "line_number": 1
      },
      {
        "type": "Hex High Entropy String",
        "filename": "Selenium/Selenium-IDE-Generated/merged-results/data/test-cases/67a076304cf54fdd.json",
        "hashed_secret": "d96812d3c7e83522da8478ffccfb195512be5a33",
        "is_verified": false,
        "line_number": 1
      }
    ],
    "Selenium/Selenium-IDE-Generated/merged-results/data/test-cases/8bce4c6a8fdace9b.json": [
      {
        "type": "Hex High Entropy String",
        "filename": "Selenium/Selenium-IDE-Generated/merged-results/data/test-cases/8bce4c6a8fdace9b.json",
        "hashed_secret": "a9d01d841678505be922122a88a23491efca8d81",
        "is_verified": false,
        "line_number": 1
      },
      {
        "type": "Hex High Entropy String",
        "filename": "Selenium/Selenium-IDE-Generated/merged-results/data/test-cases/8bce4c6a8fdace9b.json",
        "hashed_secret": "d96812d3c7e83522da8478ffccfb195512be5a33",
        "is_verified": false,
        "line_number": 1
      }
    ],
    "Selenium/Selenium-IDE-Generated/merged-results/data/test-cases/8cb1fdda94d1fed.json": [
      {
        "type": "Hex High Entropy String",
        "filename": "Selenium/Selenium-IDE-Generated/merged-results/data/test-cases/8cb1fdda94d1fed.json",
        "hashed_secret": "c6e49bc2983d8bacbbec5bd93f43565beaef1db5",
        "is_verified": false,
        "line_number": 1
      },
      {
        "type": "Hex High Entropy String",
        "filename": "Selenium/Selenium-IDE-Generated/merged-results/data/test-cases/8cb1fdda94d1fed.json",
        "hashed_secret": "d96812d3c7e83522da8478ffccfb195512be5a33",
        "is_verified": false,
        "line_number": 1
      }
    ],
    "Selenium/Selenium-IDE-Generated/merged-results/data/test-cases/9df6dc533983cee3.json": [
      {
        "type": "Hex High Entropy String",
        "filename": "Selenium/Selenium-IDE-Generated/merged-results/data/test-cases/9df6dc533983cee3.json",
        "hashed_secret": "34d3b8ba5abda7a7e4ab89135091f77f85914504",
        "is_verified": false,
        "line_number": 1
      },
      {
        "type": "Hex High Entropy String",
        "filename": "Selenium/Selenium-IDE-Generated/merged-results/data/test-cases/9df6dc533983cee3.json",
        "hashed_secret": "5556dd1dead411c82a9e16aeb363f41ff4485569",
        "is_verified": false,
        "line_number": 1
      },
      {
        "type": "Hex High Entropy String",
        "filename": "Selenium/Selenium-IDE-Generated/merged-results/data/test-cases/9df6dc533983cee3.json",
        "hashed_secret": "78d2b028b6687e4c56ba29ad5de55d513fc790a9",
        "is_verified": false,
        "line_number": 1
      },
      {
        "type": "Hex High Entropy String",
        "filename": "Selenium/Selenium-IDE-Generated/merged-results/data/test-cases/9df6dc533983cee3.json",
        "hashed_secret": "7bcbec63dc2c314ac2908ab83b4db2e1510b9f3d",
        "is_verified": false,
        "line_number": 1
      },
      {
        "type": "Hex High Entropy String",
        "filename": "Selenium/Selenium-IDE-Generated/merged-results/data/test-cases/9df6dc533983cee3.json",
        "hashed_secret": "a9d01d841678505be922122a88a23491efca8d81",
        "is_verified": false,
        "line_number": 1
      },
      {
        "type": "Hex High Entropy String",
        "filename": "Selenium/Selenium-IDE-Generated/merged-results/data/test-cases/9df6dc533983cee3.json",
        "hashed_secret": "ad43776ede3699ec6ee354fe59bf6c9645a93b56",
        "is_verified": false,
        "line_number": 1
      },
      {
        "type": "Hex High Entropy String",
        "filename": "Selenium/Selenium-IDE-Generated/merged-results/data/test-cases/9df6dc533983cee3.json",
        "hashed_secret": "c39c6ea83f543edfeedc0574b3e22932de9d8011",
        "is_verified": false,
        "line_number": 1
      },
      {
        "type": "Hex High Entropy String",
        "filename": "Selenium/Selenium-IDE-Generated/merged-results/data/test-cases/9df6dc533983cee3.json",
        "hashed_secret": "c6e49bc2983d8bacbbec5bd93f43565beaef1db5",
        "is_verified": false,
        "line_number": 1
      },
      {
        "type": "Hex High Entropy String",
        "filename": "Selenium/Selenium-IDE-Generated/merged-results/data/test-cases/9df6dc533983cee3.json",
        "hashed_secret": "d96812d3c7e83522da8478ffccfb195512be5a33",
        "is_verified": false,
        "line_number": 1
      }
    ],
    "Selenium/Selenium-IDE-Generated/merged-results/data/test-cases/a70ef30b73b46baf.json": [
      {
        "type": "Hex High Entropy String",
        "filename": "Selenium/Selenium-IDE-Generated/merged-results/data/test-cases/a70ef30b73b46baf.json",
        "hashed_secret": "5556dd1dead411c82a9e16aeb363f41ff4485569",
        "is_verified": false,
        "line_number": 1
      },
      {
        "type": "Hex High Entropy String",
        "filename": "Selenium/Selenium-IDE-Generated/merged-results/data/test-cases/a70ef30b73b46baf.json",
        "hashed_secret": "d96812d3c7e83522da8478ffccfb195512be5a33",
        "is_verified": false,
        "line_number": 1
      }
    ],
    "Selenium/Selenium-IDE-Generated/merged-results/data/test-cases/b2f5a2be5ce00f6.json": [
      {
        "type": "Hex High Entropy String",
        "filename": "Selenium/Selenium-IDE-Generated/merged-results/data/test-cases/b2f5a2be5ce00f6.json",
        "hashed_secret": "ad43776ede3699ec6ee354fe59bf6c9645a93b56",
        "is_verified": false,
        "line_number": 1
      },
      {
        "type": "Hex High Entropy String",
        "filename": "Selenium/Selenium-IDE-Generated/merged-results/data/test-cases/b2f5a2be5ce00f6.json",
        "hashed_secret": "d96812d3c7e83522da8478ffccfb195512be5a33",
        "is_verified": false,
        "line_number": 1
      }
    ],
    "Selenium/Selenium-IDE-Generated/merged-results/data/test-cases/f2bbb4fd955c039b.json": [
      {
        "type": "Hex High Entropy String",
        "filename": "Selenium/Selenium-IDE-Generated/merged-results/data/test-cases/f2bbb4fd955c039b.json",
        "hashed_secret": "7bcbec63dc2c314ac2908ab83b4db2e1510b9f3d",
        "is_verified": false,
        "line_number": 1
      },
      {
        "type": "Hex High Entropy String",
        "filename": "Selenium/Selenium-IDE-Generated/merged-results/data/test-cases/f2bbb4fd955c039b.json",
        "hashed_secret": "d96812d3c7e83522da8478ffccfb195512be5a33",
        "is_verified": false,
        "line_number": 1
      }
    ],
    "Selenium/Selenium-IDE-Generated/merged-results/data/timeline.json": [
      {
        "type": "Hex High Entropy String",
        "filename": "Selenium/Selenium-IDE-Generated/merged-results/data/timeline.json",
        "hashed_secret": "0354e52e6876beba380c9b30cd4b038d6b3500f1",
        "is_verified": false,
        "line_number": 1
      },
      {
        "type": "Hex High Entropy String",
        "filename": "Selenium/Selenium-IDE-Generated/merged-results/data/timeline.json",
        "hashed_secret": "34d3b8ba5abda7a7e4ab89135091f77f85914504",
        "is_verified": false,
        "line_number": 1
      },
      {
        "type": "Hex High Entropy String",
        "filename": "Selenium/Selenium-IDE-Generated/merged-results/data/timeline.json",
        "hashed_secret": "4121bc3fd92502f610e6e0d96367b5f0b91bfa55",
        "is_verified": false,
        "line_number": 1
      },
      {
        "type": "Hex High Entropy String",
        "filename": "Selenium/Selenium-IDE-Generated/merged-results/data/timeline.json",
        "hashed_secret": "5556dd1dead411c82a9e16aeb363f41ff4485569",
        "is_verified": false,
        "line_number": 1
      },
      {
        "type": "Hex High Entropy String",
        "filename": "Selenium/Selenium-IDE-Generated/merged-results/data/timeline.json",
        "hashed_secret": "6114d105de42fac107fc7ccf2b815948ce1925d8",
        "is_verified": false,
        "line_number": 1
      },
      {
        "type": "Hex High Entropy String",
        "filename": "Selenium/Selenium-IDE-Generated/merged-results/data/timeline.json",
        "hashed_secret": "68b1f789489f32e411199c84f317ef2c096c4f0d",
        "is_verified": false,
        "line_number": 1
      },
      {
        "type": "Hex High Entropy String",
        "filename": "Selenium/Selenium-IDE-Generated/merged-results/data/timeline.json",
        "hashed_secret": "76236dcba7449bad45f302c659785b4d41cf33f3",
        "is_verified": false,
        "line_number": 1
      },
      {
        "type": "Hex High Entropy String",
        "filename": "Selenium/Selenium-IDE-Generated/merged-results/data/timeline.json",
        "hashed_secret": "78d2b028b6687e4c56ba29ad5de55d513fc790a9",
        "is_verified": false,
        "line_number": 1
      },
      {
        "type": "Hex High Entropy String",
        "filename": "Selenium/Selenium-IDE-Generated/merged-results/data/timeline.json",
        "hashed_secret": "7bcbec63dc2c314ac2908ab83b4db2e1510b9f3d",
        "is_verified": false,
        "line_number": 1
      },
      {
        "type": "Hex High Entropy String",
        "filename": "Selenium/Selenium-IDE-Generated/merged-results/data/timeline.json",
        "hashed_secret": "84697f2d6d725b0154474c8cb8706457020f46e4",
        "is_verified": false,
        "line_number": 1
      },
      {
        "type": "Hex High Entropy String",
        "filename": "Selenium/Selenium-IDE-Generated/merged-results/data/timeline.json",
        "hashed_secret": "87ca4a4bdf16babcacf3bc380314a97297793378",
        "is_verified": false,
        "line_number": 1
      },
      {
        "type": "Hex High Entropy String",
        "filename": "Selenium/Selenium-IDE-Generated/merged-results/data/timeline.json",
        "hashed_secret": "8b9ee7c58aed81ad14b5ba6cbd3f83b09ded768c",
        "is_verified": false,
        "line_number": 1
      },
      {
        "type": "Hex High Entropy String",
        "filename": "Selenium/Selenium-IDE-Generated/merged-results/data/timeline.json",
        "hashed_secret": "90fe9dfb5b6a6c4d4892de549c9e6bc413e6f1a7",
        "is_verified": false,
        "line_number": 1
      },
      {
        "type": "Hex High Entropy String",
        "filename": "Selenium/Selenium-IDE-Generated/merged-results/data/timeline.json",
        "hashed_secret": "a9d01d841678505be922122a88a23491efca8d81",
        "is_verified": false,
        "line_number": 1
      },
      {
        "type": "Hex High Entropy String",
        "filename": "Selenium/Selenium-IDE-Generated/merged-results/data/timeline.json",
        "hashed_secret": "aad1f9c2582dc9ac0c0b0f27e19f7c282cc1a8fd",
        "is_verified": false,
        "line_number": 1
      },
      {
        "type": "Hex High Entropy String",
        "filename": "Selenium/Selenium-IDE-Generated/merged-results/data/timeline.json",
        "hashed_secret": "ad43776ede3699ec6ee354fe59bf6c9645a93b56",
        "is_verified": false,
        "line_number": 1
      },
      {
        "type": "Hex High Entropy String",
        "filename": "Selenium/Selenium-IDE-Generated/merged-results/data/timeline.json",
        "hashed_secret": "c23b32392429d2e86e5312078dcea863a027c6cd",
        "is_verified": false,
        "line_number": 1
      },
      {
        "type": "Hex High Entropy String",
        "filename": "Selenium/Selenium-IDE-Generated/merged-results/data/timeline.json",
        "hashed_secret": "c39c6ea83f543edfeedc0574b3e22932de9d8011",
        "is_verified": false,
        "line_number": 1
      },
      {
        "type": "Hex High Entropy String",
        "filename": "Selenium/Selenium-IDE-Generated/merged-results/data/timeline.json",
        "hashed_secret": "c6e49bc2983d8bacbbec5bd93f43565beaef1db5",
        "is_verified": false,
        "line_number": 1
      },
      {
        "type": "Hex High Entropy String",
        "filename": "Selenium/Selenium-IDE-Generated/merged-results/data/timeline.json",
        "hashed_secret": "fdfb8e59b6c0fc27d266f3efc65b8389d98055fd",
        "is_verified": false,
        "line_number": 1
      }
    ],
    "Selenium/Selenium-IDE-Generated/merged-results/history/history.json": [
      {
        "type": "Hex High Entropy String",
        "filename": "Selenium/Selenium-IDE-Generated/merged-results/history/history.json",
        "hashed_secret": "d96812d3c7e83522da8478ffccfb195512be5a33",
        "is_verified": false,
        "line_number": 1
      }
    ],
    "Selenium/Selenium-IDE-Generated/merged-results/merged-results/app.js": [
      {
        "type": "Hex High Entropy String",
        "filename": "Selenium/Selenium-IDE-Generated/merged-results/merged-results/app.js",
        "hashed_secret": "3417f07568d034c705dfb7f69c59a13a4115e51c",
        "is_verified": false,
        "line_number": 2
      }
    ],
    "Selenium/Selenium-IDE-Generated/merged-results/merged-results/data/behaviors.json": [
      {
        "type": "Hex High Entropy String",
        "filename": "Selenium/Selenium-IDE-Generated/merged-results/merged-results/data/behaviors.json",
        "hashed_secret": "c50694178d08cf8e2b343af4f4b70a3b7ba7eefa",
        "is_verified": false,
        "line_number": 1
      }
    ],
    "Selenium/Selenium-IDE-Generated/merged-results/merged-results/data/categories.json": [
      {
        "type": "Hex High Entropy String",
        "filename": "Selenium/Selenium-IDE-Generated/merged-results/merged-results/data/categories.json",
        "hashed_secret": "b4b7f1a2b1bc3ce89ea7a48c2d5e7d28a58a7a30",
        "is_verified": false,
        "line_number": 1
      }
    ],
    "Selenium/Selenium-IDE-Generated/merged-results/merged-results/data/packages.json": [
      {
        "type": "Hex High Entropy String",
        "filename": "Selenium/Selenium-IDE-Generated/merged-results/merged-results/data/packages.json",
        "hashed_secret": "06aac1cdcfafeac05033439dd580c9fff8c94d82",
        "is_verified": false,
        "line_number": 1
      }
    ],
    "Selenium/Selenium-IDE-Generated/merged-results/merged-results/data/suites.json": [
      {
        "type": "Hex High Entropy String",
        "filename": "Selenium/Selenium-IDE-Generated/merged-results/merged-results/data/suites.json",
        "hashed_secret": "e99ae4d12abcef46f869926da26cb9fc7f9f163b",
        "is_verified": false,
        "line_number": 1
      }
    ],
    "Selenium/Selenium-IDE-Generated/merged-results/merged-results/data/timeline.json": [
      {
        "type": "Hex High Entropy String",
        "filename": "Selenium/Selenium-IDE-Generated/merged-results/merged-results/data/timeline.json",
        "hashed_secret": "76236dcba7449bad45f302c659785b4d41cf33f3",
        "is_verified": false,
        "line_number": 1
      }
    ],
    "Selenium/Selenium-IDE-Generated/merged-results/widgets/suites.json": [
      {
        "type": "Hex High Entropy String",
        "filename": "Selenium/Selenium-IDE-Generated/merged-results/widgets/suites.json",
        "hashed_secret": "e371b7a534cd8288400fbf67a65d866779638862",
        "is_verified": false,
        "line_number": 1
      }
    ],
    "Selenium/generate-env.sh": [
      {
        "type": "Base64 High Entropy String",
        "filename": "Selenium/generate-env.sh",
        "hashed_secret": "c21a6926835bf50c55e47004f3950bb484c87454",
        "is_verified": false,
        "line_number": 5
      }
    ],
    "Selenium/selenium-drivers/linux/chrome-linux64/resources/accessibility/reading_mode_gdocs_helper_manifest.json": [
      {
        "type": "Base64 High Entropy String",
        "filename": "Selenium/selenium-drivers/linux/chrome-linux64/resources/accessibility/reading_mode_gdocs_helper_manifest.json",
        "hashed_secret": "759200db47bd2002a4d7c923723f490116f7cd1b",
        "is_verified": false,
        "line_number": 2
      }
    ],
    "Selenium/selenium_project-chatGPT-generated/tests/test_home_page.py": [
      {
        "type": "Secret Keyword",
        "filename": "Selenium/selenium_project-chatGPT-generated/tests/test_home_page.py",
        "hashed_secret": "5baa61e4c9b93f3f0682250b6cf8331b7ee68fd8",
        "is_verified": false,
        "line_number": 43
      }
    ],
    "Selenium/volumes/generate-env.sh": [
      {
        "type": "Base64 High Entropy String",
        "filename": "Selenium/volumes/generate-env.sh",
        "hashed_secret": "c21a6926835bf50c55e47004f3950bb484c87454",
        "is_verified": false,
        "line_number": 5
      }
    ],
    "allure-results/00ad547a-8396-46fc-a08f-17781ad25e31-result.json": [
      {
        "type": "Hex High Entropy String",
        "filename": "allure-results/00ad547a-8396-46fc-a08f-17781ad25e31-result.json",
        "hashed_secret": "ec3d5837a2790ae63b6c67b9634cbace5bbebed4",
        "is_verified": false,
        "line_number": 1
      }
    ],
    "allure-results/033ec533-208f-45f3-aa59-584afec8d339-result.json": [
      {
        "type": "Hex High Entropy String",
        "filename": "allure-results/033ec533-208f-45f3-aa59-584afec8d339-result.json",
        "hashed_secret": "53656f53cbf86501fc4ccdfe28aa9915e4d70ef5",
        "is_verified": false,
        "line_number": 1
      }
    ],
    "allure-results/03da4296-1c2b-40af-affa-6a85460a245f-result.json": [
      {
        "type": "Hex High Entropy String",
        "filename": "allure-results/03da4296-1c2b-40af-affa-6a85460a245f-result.json",
        "hashed_secret": "8c3d57bc4636ba33f028e9ef3f4cbb3465611aa8",
        "is_verified": false,
        "line_number": 1
      }
    ],
    "allure-results/04cdc36f-9f02-435e-b458-ee254c726e74-result.json": [
      {
        "type": "Hex High Entropy String",
        "filename": "allure-results/04cdc36f-9f02-435e-b458-ee254c726e74-result.json",
        "hashed_secret": "16ee45190094683a9d0a2a315702e4d2e2765465",
        "is_verified": false,
        "line_number": 1
      }
    ],
    "allure-results/0e3a49d2-5c34-4a73-aac0-14319cd70008-result.json": [
      {
        "type": "Hex High Entropy String",
        "filename": "allure-results/0e3a49d2-5c34-4a73-aac0-14319cd70008-result.json",
        "hashed_secret": "6e712fe6c01cc88287f3bc0d668130899a01b419",
        "is_verified": false,
        "line_number": 1
      }
    ],
    "allure-results/0e3a9b01-8e6a-4021-851a-7a2d533b6233-result.json": [
      {
        "type": "Hex High Entropy String",
        "filename": "allure-results/0e3a9b01-8e6a-4021-851a-7a2d533b6233-result.json",
        "hashed_secret": "ab6ae4257abc55f3695a9b5c8fb56d22af82b21f",
        "is_verified": false,
        "line_number": 1
      }
    ],
    "allure-results/0faafcec-ea73-4619-aa7c-e96efab44782-result.json": [
      {
        "type": "Hex High Entropy String",
        "filename": "allure-results/0faafcec-ea73-4619-aa7c-e96efab44782-result.json",
        "hashed_secret": "3ca8b29caccf68ab9aebe369c055fd80bc26011b",
        "is_verified": false,
        "line_number": 1
      }
    ],
    "allure-results/120e7f50-c572-49f7-ada1-d7818b189768-result.json": [
      {
        "type": "Hex High Entropy String",
        "filename": "allure-results/120e7f50-c572-49f7-ada1-d7818b189768-result.json",
        "hashed_secret": "c40fec1cbf0b609cf7b1038c9e97ce75837b9d1c",
        "is_verified": false,
        "line_number": 1
      }
    ],
    "allure-results/143fdb74-7d01-4c7f-a346-57ba1c756e12-result.json": [
      {
        "type": "Hex High Entropy String",
        "filename": "allure-results/143fdb74-7d01-4c7f-a346-57ba1c756e12-result.json",
        "hashed_secret": "df7175aa75d5384002806cc333058752f592df5e",
        "is_verified": false,
        "line_number": 1
      }
    ],
    "allure-results/159384f2-dae8-4a31-b501-44f5ab2fc6d6-result.json": [
      {
        "type": "Hex High Entropy String",
        "filename": "allure-results/159384f2-dae8-4a31-b501-44f5ab2fc6d6-result.json",
        "hashed_secret": "eb0e70707d21ffec31afbce4c80e7313a70c185e",
        "is_verified": false,
        "line_number": 1
      }
    ],
    "allure-results/1666dd4e-bc04-48dc-a80b-1badfaed13c7-result.json": [
      {
        "type": "Hex High Entropy String",
        "filename": "allure-results/1666dd4e-bc04-48dc-a80b-1badfaed13c7-result.json",
        "hashed_secret": "4885b559b9918a5cce5c3bb396b64985e7a3d79e",
        "is_verified": false,
        "line_number": 1
      }
    ],
    "allure-results/17f38a92-0561-4986-b8ed-deebf7dee98c-result.json": [
      {
        "type": "Hex High Entropy String",
        "filename": "allure-results/17f38a92-0561-4986-b8ed-deebf7dee98c-result.json",
        "hashed_secret": "c83d4454df24ef957e2c228b97870ca7585f8844",
        "is_verified": false,
        "line_number": 1
      }
    ],
    "allure-results/181997fe-d06d-4391-bc0f-fc8a4f675768-result.json": [
      {
        "type": "Hex High Entropy String",
        "filename": "allure-results/181997fe-d06d-4391-bc0f-fc8a4f675768-result.json",
        "hashed_secret": "73205c8c8047c1ad7110f3a5770b5ecd5b362def",
        "is_verified": false,
        "line_number": 1
      }
    ],
    "allure-results/18673078-ca6d-4664-abfd-3dc610fe2fbb-result.json": [
      {
        "type": "Hex High Entropy String",
        "filename": "allure-results/18673078-ca6d-4664-abfd-3dc610fe2fbb-result.json",
        "hashed_secret": "4885b559b9918a5cce5c3bb396b64985e7a3d79e",
        "is_verified": false,
        "line_number": 1
      }
    ],
    "allure-results/19df73cf-7292-4c34-889b-8835a63d1807-result.json": [
      {
        "type": "Hex High Entropy String",
        "filename": "allure-results/19df73cf-7292-4c34-889b-8835a63d1807-result.json",
        "hashed_secret": "e0ccbd04149c11a90149fc463ba3f64e6754deed",
        "is_verified": false,
        "line_number": 1
      }
    ],
    "allure-results/1be5f6a5-a93b-415d-b293-c232be38bc86-result.json": [
      {
        "type": "Hex High Entropy String",
        "filename": "allure-results/1be5f6a5-a93b-415d-b293-c232be38bc86-result.json",
        "hashed_secret": "f2e4a8459efb2404a0c96a6635e970320f62c271",
        "is_verified": false,
        "line_number": 1
      }
    ],
    "allure-results/1beb30fb-d5c0-41c9-8b71-98a33172e8c8-result.json": [
      {
        "type": "Hex High Entropy String",
        "filename": "allure-results/1beb30fb-d5c0-41c9-8b71-98a33172e8c8-result.json",
        "hashed_secret": "226efb99a3bdcbf8a38d0517f98f3d708c4133dd",
        "is_verified": false,
        "line_number": 1
      }
    ],
    "allure-results/1e676bbb-d29a-4132-b430-cecdade3ca3c-result.json": [
      {
        "type": "Hex High Entropy String",
        "filename": "allure-results/1e676bbb-d29a-4132-b430-cecdade3ca3c-result.json",
        "hashed_secret": "bb379af854643ce81ec981f7df5bc8b621e83b25",
        "is_verified": false,
        "line_number": 1
      }
    ],
    "allure-results/1f49f5e7-86c7-4a7a-85a9-234354f3f948-result.json": [
      {
        "type": "Hex High Entropy String",
        "filename": "allure-results/1f49f5e7-86c7-4a7a-85a9-234354f3f948-result.json",
        "hashed_secret": "c2c3dd012afb93a80c28e76ff615312babc3d581",
        "is_verified": false,
        "line_number": 1
      }
    ],
    "allure-results/2053398f-4bd1-4f0b-916f-768ac252d04f-result.json": [
      {
        "type": "Hex High Entropy String",
        "filename": "allure-results/2053398f-4bd1-4f0b-916f-768ac252d04f-result.json",
        "hashed_secret": "5765cc2b11bd45153058317c53c88d5ab5e30744",
        "is_verified": false,
        "line_number": 1
      }
    ],
    "allure-results/2313edad-b5a9-4c3e-9294-9e5b09a5eaa4-result.json": [
      {
        "type": "Hex High Entropy String",
        "filename": "allure-results/2313edad-b5a9-4c3e-9294-9e5b09a5eaa4-result.json",
        "hashed_secret": "e8a8dc9e11ec222eecd4292437bd525cc72dc160",
        "is_verified": false,
        "line_number": 1
      }
    ],
    "allure-results/241de7c3-d121-4ea6-a3c1-841fa17edcd4-result.json": [
      {
        "type": "Hex High Entropy String",
        "filename": "allure-results/241de7c3-d121-4ea6-a3c1-841fa17edcd4-result.json",
        "hashed_secret": "0db113329b315658eb40c74ceacc5c5585d9376c",
        "is_verified": false,
        "line_number": 1
      }
    ],
    "allure-results/2a1d85d4-3e7f-411b-a4fc-76ad8e3de38e-result.json": [
      {
        "type": "Hex High Entropy String",
        "filename": "allure-results/2a1d85d4-3e7f-411b-a4fc-76ad8e3de38e-result.json",
        "hashed_secret": "0b8dbf785d60536f180340a68e7b30dd7b4277ff",
        "is_verified": false,
        "line_number": 1
      }
    ],
    "allure-results/2c1eface-fa68-4320-9293-81c051b3695d-result.json": [
      {
        "type": "Hex High Entropy String",
        "filename": "allure-results/2c1eface-fa68-4320-9293-81c051b3695d-result.json",
        "hashed_secret": "128d248ab571d8b31f8296e4ac80074d8991c944",
        "is_verified": false,
        "line_number": 1
      }
    ],
    "allure-results/2e53e88b-2da0-458a-9e19-47b95a2cc80b-result.json": [
      {
        "type": "Hex High Entropy String",
        "filename": "allure-results/2e53e88b-2da0-458a-9e19-47b95a2cc80b-result.json",
        "hashed_secret": "226efb99a3bdcbf8a38d0517f98f3d708c4133dd",
        "is_verified": false,
        "line_number": 1
      }
    ],
    "allure-results/2f87317a-3e5d-4814-a0f5-787e23efcf97-result.json": [
      {
        "type": "Hex High Entropy String",
        "filename": "allure-results/2f87317a-3e5d-4814-a0f5-787e23efcf97-result.json",
        "hashed_secret": "59e33e41bfc10d02e2319559b1494c7959c7a7d1",
        "is_verified": false,
        "line_number": 1
      }
    ],
    "allure-results/3481ca7e-5c90-4ade-b9ad-dc58ac4f2b47-result.json": [
      {
        "type": "Hex High Entropy String",
        "filename": "allure-results/3481ca7e-5c90-4ade-b9ad-dc58ac4f2b47-result.json",
        "hashed_secret": "e8a8dc9e11ec222eecd4292437bd525cc72dc160",
        "is_verified": false,
        "line_number": 1
      }
    ],
    "allure-results/37005826-50a7-4fcd-b571-47ff3b1e74f7-result.json": [
      {
        "type": "Hex High Entropy String",
        "filename": "allure-results/37005826-50a7-4fcd-b571-47ff3b1e74f7-result.json",
        "hashed_secret": "8f1344da094d566d958c6c19a4e56f334ade22ef",
        "is_verified": false,
        "line_number": 1
      }
    ],
    "allure-results/39f10320-ec2f-468c-b721-6f21b5f9e3a4-result.json": [
      {
        "type": "Hex High Entropy String",
        "filename": "allure-results/39f10320-ec2f-468c-b721-6f21b5f9e3a4-result.json",
        "hashed_secret": "b3c648c9d28135a68cf123bf1e8bd4aa2c7a1f7c",
        "is_verified": false,
        "line_number": 1
      }
    ],
    "allure-results/3adb66dc-8be0-4aba-9127-14de19560e78-result.json": [
      {
        "type": "Hex High Entropy String",
        "filename": "allure-results/3adb66dc-8be0-4aba-9127-14de19560e78-result.json",
        "hashed_secret": "ec3d5837a2790ae63b6c67b9634cbace5bbebed4",
        "is_verified": false,
        "line_number": 1
      }
    ],
    "allure-results/4501e731-8931-49a6-a336-eccb6dbc65c3-result.json": [
      {
        "type": "Hex High Entropy String",
        "filename": "allure-results/4501e731-8931-49a6-a336-eccb6dbc65c3-result.json",
        "hashed_secret": "54db32be8adaeb3a2e4f11f2766ef383cc28c3b4",
        "is_verified": false,
        "line_number": 1
      }
    ],
    "allure-results/45a61df8-9c05-471b-8ed2-58e611e5c1bd-result.json": [
      {
        "type": "Hex High Entropy String",
        "filename": "allure-results/45a61df8-9c05-471b-8ed2-58e611e5c1bd-result.json",
        "hashed_secret": "bc9661d388c68ae143ab2ac7b12f0a97b7098f85",
        "is_verified": false,
        "line_number": 1
      }
    ],
    "allure-results/478b936b-547d-46bf-85c8-d09cfa2b2738-result.json": [
      {
        "type": "Hex High Entropy String",
        "filename": "allure-results/478b936b-547d-46bf-85c8-d09cfa2b2738-result.json",
        "hashed_secret": "53656f53cbf86501fc4ccdfe28aa9915e4d70ef5",
        "is_verified": false,
        "line_number": 1
      }
    ],
    "allure-results/4d127be0-99a6-4e61-a94a-8ee1f560b74e-result.json": [
      {
        "type": "Hex High Entropy String",
        "filename": "allure-results/4d127be0-99a6-4e61-a94a-8ee1f560b74e-result.json",
        "hashed_secret": "abf7e3e4511d12055a87eef975ced61e5b82a7c2",
        "is_verified": false,
        "line_number": 1
      }
    ],
    "allure-results/52d3ab87-2055-4f52-99f8-26fccabfa4dd-result.json": [
      {
        "type": "Hex High Entropy String",
        "filename": "allure-results/52d3ab87-2055-4f52-99f8-26fccabfa4dd-result.json",
        "hashed_secret": "e0ccbd04149c11a90149fc463ba3f64e6754deed",
        "is_verified": false,
        "line_number": 1
      }
    ],
    "allure-results/5374bf98-9e61-4599-9b51-52eb4d80f413-result.json": [
      {
        "type": "Hex High Entropy String",
        "filename": "allure-results/5374bf98-9e61-4599-9b51-52eb4d80f413-result.json",
        "hashed_secret": "5765cc2b11bd45153058317c53c88d5ab5e30744",
        "is_verified": false,
        "line_number": 1
      }
    ],
    "allure-results/547837e9-9036-4658-94c3-b19fbf211962-result.json": [
      {
        "type": "Hex High Entropy String",
        "filename": "allure-results/547837e9-9036-4658-94c3-b19fbf211962-result.json",
        "hashed_secret": "051640e3423669183d29cfc84984c4aa318f5950",
        "is_verified": false,
        "line_number": 1
      }
    ],
    "allure-results/54c6cf5b-3c37-42fa-bae1-98ea026358a6-result.json": [
      {
        "type": "Hex High Entropy String",
        "filename": "allure-results/54c6cf5b-3c37-42fa-bae1-98ea026358a6-result.json",
        "hashed_secret": "6d59fbd6e2d20524f40b95fbb18669915a0f84dc",
        "is_verified": false,
        "line_number": 1
      }
    ],
    "allure-results/58b027f7-c7a0-4e61-95d4-e2117be1514c-result.json": [
      {
        "type": "Hex High Entropy String",
        "filename": "allure-results/58b027f7-c7a0-4e61-95d4-e2117be1514c-result.json",
        "hashed_secret": "42ba37e3eb5533529fa43bc2d97dfba0442c39af",
        "is_verified": false,
        "line_number": 1
      }
    ],
    "allure-results/60b06260-8430-4216-bf5c-9913dc57fba0-result.json": [
      {
        "type": "Hex High Entropy String",
        "filename": "allure-results/60b06260-8430-4216-bf5c-9913dc57fba0-result.json",
        "hashed_secret": "3632ad8314180118238419c389dd4f40da5a93b2",
        "is_verified": false,
        "line_number": 1
      }
    ],
    "allure-results/64c05973-7884-4030-99b5-009878cbc56d-result.json": [
      {
        "type": "Hex High Entropy String",
        "filename": "allure-results/64c05973-7884-4030-99b5-009878cbc56d-result.json",
        "hashed_secret": "d401e3f2606eda6af67ce402f2eb3134db025191",
        "is_verified": false,
        "line_number": 1
      }
    ],
    "allure-results/673fc1dc-48a5-4b13-bcd3-70002917718b-result.json": [
      {
        "type": "Hex High Entropy String",
        "filename": "allure-results/673fc1dc-48a5-4b13-bcd3-70002917718b-result.json",
        "hashed_secret": "4c9b059e15c3df72f2d276b3430e6094d7fcc204",
        "is_verified": false,
        "line_number": 1
      }
    ],
    "allure-results/69a32aa3-0031-49f6-a38b-f710c124530b-result.json": [
      {
        "type": "Hex High Entropy String",
        "filename": "allure-results/69a32aa3-0031-49f6-a38b-f710c124530b-result.json",
        "hashed_secret": "b9e1a7e59e2125a4684caf0685a2c01455a4f74f",
        "is_verified": false,
        "line_number": 1
      }
    ],
    "allure-results/6a4d2572-adfb-4f87-961e-14d2a8fbb7c1-result.json": [
      {
        "type": "Hex High Entropy String",
        "filename": "allure-results/6a4d2572-adfb-4f87-961e-14d2a8fbb7c1-result.json",
        "hashed_secret": "3632ad8314180118238419c389dd4f40da5a93b2",
        "is_verified": false,
        "line_number": 1
      }
    ],
    "allure-results/6beae02e-766b-42d6-b097-b38ac6106df8-result.json": [
      {
        "type": "Hex High Entropy String",
        "filename": "allure-results/6beae02e-766b-42d6-b097-b38ac6106df8-result.json",
        "hashed_secret": "2ebec9c2e83fc67aa420cb4dd6fda37e4cd7e744",
        "is_verified": false,
        "line_number": 1
      }
    ],
    "allure-results/6cbb9bc2-ab3c-4ef1-95a7-294876f3efc3-result.json": [
      {
        "type": "Hex High Entropy String",
        "filename": "allure-results/6cbb9bc2-ab3c-4ef1-95a7-294876f3efc3-result.json",
        "hashed_secret": "128d248ab571d8b31f8296e4ac80074d8991c944",
        "is_verified": false,
        "line_number": 1
      }
    ],
    "allure-results/6cf2bc69-19e8-472c-b35b-808dccec3e29-result.json": [
      {
        "type": "Hex High Entropy String",
        "filename": "allure-results/6cf2bc69-19e8-472c-b35b-808dccec3e29-result.json",
        "hashed_secret": "e48c8581a6a4396c4c2049c91a11d30a8301b987",
        "is_verified": false,
        "line_number": 1
      }
    ],
    "allure-results/6dce80ac-11f7-4bf0-81c3-b1da609839c1-result.json": [
      {
        "type": "Hex High Entropy String",
        "filename": "allure-results/6dce80ac-11f7-4bf0-81c3-b1da609839c1-result.json",
        "hashed_secret": "d9e288fcf4917c48fb01b52bad85d2faa27746c7",
        "is_verified": false,
        "line_number": 1
      }
    ],
    "allure-results/6dcf0d71-4cb4-45f1-a529-ad700efc5cae-result.json": [
      {
        "type": "Hex High Entropy String",
        "filename": "allure-results/6dcf0d71-4cb4-45f1-a529-ad700efc5cae-result.json",
        "hashed_secret": "1ef528316a47e2f58590c7628ecff2d8221adec0",
        "is_verified": false,
        "line_number": 1
      }
    ],
    "allure-results/6e4b37fa-f97a-428d-a55b-4f4a0ec953be-result.json": [
      {
        "type": "Hex High Entropy String",
        "filename": "allure-results/6e4b37fa-f97a-428d-a55b-4f4a0ec953be-result.json",
        "hashed_secret": "75238bd36f4bbb6de22330fb1042391be5499ecc",
        "is_verified": false,
        "line_number": 1
      }
    ],
    "allure-results/71546deb-dd11-425f-b652-758bf5279741-result.json": [
      {
        "type": "Hex High Entropy String",
        "filename": "allure-results/71546deb-dd11-425f-b652-758bf5279741-result.json",
        "hashed_secret": "6c6fa482935e76cf66891c2f4cd92aee045f7774",
        "is_verified": false,
        "line_number": 1
      }
    ],
    "allure-results/7596375d-1e7d-422e-8bf3-cd180987b5c6-result.json": [
      {
        "type": "Hex High Entropy String",
        "filename": "allure-results/7596375d-1e7d-422e-8bf3-cd180987b5c6-result.json",
        "hashed_secret": "445a3c9b4d5d04d37b4353fa181802cea68e5a9b",
        "is_verified": false,
        "line_number": 1
      }
    ],
    "allure-results/765cbe47-ae76-4e61-8f33-1cfc391ba5ce-result.json": [
      {
        "type": "Hex High Entropy String",
        "filename": "allure-results/765cbe47-ae76-4e61-8f33-1cfc391ba5ce-result.json",
        "hashed_secret": "75238bd36f4bbb6de22330fb1042391be5499ecc",
        "is_verified": false,
        "line_number": 1
      }
    ],
    "allure-results/772953ef-f3a0-4485-aa57-87384352ee56-result.json": [
      {
        "type": "Hex High Entropy String",
        "filename": "allure-results/772953ef-f3a0-4485-aa57-87384352ee56-result.json",
        "hashed_secret": "eac12ec0ce3427b489b5fd7f3a425b1f42a15c80",
        "is_verified": false,
        "line_number": 1
      }
    ],
    "allure-results/7928499a-6227-473e-8b17-59a3637b53cd-result.json": [
      {
        "type": "Hex High Entropy String",
        "filename": "allure-results/7928499a-6227-473e-8b17-59a3637b53cd-result.json",
        "hashed_secret": "4060498312f865445043111bc5dfb41f58538267",
        "is_verified": false,
        "line_number": 1
      }
    ],
    "allure-results/7b5310f0-3dc9-46b2-9641-ad2db9bef810-result.json": [
      {
        "type": "Hex High Entropy String",
        "filename": "allure-results/7b5310f0-3dc9-46b2-9641-ad2db9bef810-result.json",
        "hashed_secret": "d533c8745e7b847f1ca09d04ce06e58ea1cc0353",
        "is_verified": false,
        "line_number": 1
      }
    ],
    "allure-results/8354bfac-65c7-4cc0-b604-843e871baaff-result.json": [
      {
        "type": "Hex High Entropy String",
        "filename": "allure-results/8354bfac-65c7-4cc0-b604-843e871baaff-result.json",
        "hashed_secret": "8f655ed6f1b6c503cfce9fd840710bf48152e46d",
        "is_verified": false,
        "line_number": 1
      }
    ],
    "allure-results/857e6d64-1461-4779-965c-2f818bc3b240-result.json": [
      {
        "type": "Hex High Entropy String",
        "filename": "allure-results/857e6d64-1461-4779-965c-2f818bc3b240-result.json",
        "hashed_secret": "6d59fbd6e2d20524f40b95fbb18669915a0f84dc",
        "is_verified": false,
        "line_number": 1
      }
    ],
    "allure-results/860eaaaa-f5e7-47a6-b697-33d7188cf3d3-result.json": [
      {
        "type": "Hex High Entropy String",
        "filename": "allure-results/860eaaaa-f5e7-47a6-b697-33d7188cf3d3-result.json",
        "hashed_secret": "025b61a91876d0472fbe7cba1d39430fe45b41f9",
        "is_verified": false,
        "line_number": 1
      }
    ],
    "allure-results/86bb1269-a121-474a-b31c-5b299a3c40f5-result.json": [
      {
        "type": "Hex High Entropy String",
        "filename": "allure-results/86bb1269-a121-474a-b31c-5b299a3c40f5-result.json",
        "hashed_secret": "bb379af854643ce81ec981f7df5bc8b621e83b25",
        "is_verified": false,
        "line_number": 1
      }
    ],
    "allure-results/87400ce0-c362-422e-b086-fdad4f0aa5b7-result.json": [
      {
        "type": "Hex High Entropy String",
        "filename": "allure-results/87400ce0-c362-422e-b086-fdad4f0aa5b7-result.json",
        "hashed_secret": "c7a7a59afa90627480b3c956311d1a99b38f0469",
        "is_verified": false,
        "line_number": 1
      }
    ],
    "allure-results/895908c0-13d2-4d87-93d3-6527bfb74495-result.json": [
      {
        "type": "Hex High Entropy String",
        "filename": "allure-results/895908c0-13d2-4d87-93d3-6527bfb74495-result.json",
        "hashed_secret": "8c3d57bc4636ba33f028e9ef3f4cbb3465611aa8",
        "is_verified": false,
        "line_number": 1
      }
    ],
    "allure-results/89834a1c-7dd2-4174-92a0-fe98e42e7f1a-result.json": [
      {
        "type": "Hex High Entropy String",
        "filename": "allure-results/89834a1c-7dd2-4174-92a0-fe98e42e7f1a-result.json",
        "hashed_secret": "ddf82addd0d3d8bcfcc7608ca7cbfac4afff4f22",
        "is_verified": false,
        "line_number": 1
      }
    ],
    "allure-results/8a95f75c-be9e-4d1a-9800-d5a7fde09eee-result.json": [
      {
        "type": "Hex High Entropy String",
        "filename": "allure-results/8a95f75c-be9e-4d1a-9800-d5a7fde09eee-result.json",
        "hashed_secret": "3ca8b29caccf68ab9aebe369c055fd80bc26011b",
        "is_verified": false,
        "line_number": 1
      }
    ],
    "allure-results/8c090e05-13c3-412f-a12c-1e5b4b612cb4-result.json": [
      {
        "type": "Hex High Entropy String",
        "filename": "allure-results/8c090e05-13c3-412f-a12c-1e5b4b612cb4-result.json",
        "hashed_secret": "16ee45190094683a9d0a2a315702e4d2e2765465",
        "is_verified": false,
        "line_number": 1
      }
    ],
    "allure-results/8c2ce697-c42c-4636-b582-03204efafa4a-result.json": [
      {
        "type": "Hex High Entropy String",
        "filename": "allure-results/8c2ce697-c42c-4636-b582-03204efafa4a-result.json",
        "hashed_secret": "0da8da55e708b8bf932571086d96118f9f71124b",
        "is_verified": false,
        "line_number": 1
      }
    ],
    "allure-results/8e41f98d-7f6d-49ec-81e0-12fa5c98d8cd-result.json": [
      {
        "type": "Hex High Entropy String",
        "filename": "allure-results/8e41f98d-7f6d-49ec-81e0-12fa5c98d8cd-result.json",
        "hashed_secret": "445a3c9b4d5d04d37b4353fa181802cea68e5a9b",
        "is_verified": false,
        "line_number": 1
      }
    ],
    "allure-results/9040383c-fa57-476f-b424-3ef5b8a61904-result.json": [
      {
        "type": "Hex High Entropy String",
        "filename": "allure-results/9040383c-fa57-476f-b424-3ef5b8a61904-result.json",
        "hashed_secret": "eb0e70707d21ffec31afbce4c80e7313a70c185e",
        "is_verified": false,
        "line_number": 1
      }
    ],
    "allure-results/9094fd86-9653-40e9-aecf-8b62f61ce96a-result.json": [
      {
        "type": "Hex High Entropy String",
        "filename": "allure-results/9094fd86-9653-40e9-aecf-8b62f61ce96a-result.json",
        "hashed_secret": "7cb4f8af6e0a8d1b4836eebe31ca15d6ea6d2d76",
        "is_verified": false,
        "line_number": 1
      }
    ],
    "allure-results/94a1449d-747b-481e-a358-90213535ea53-result.json": [
      {
        "type": "Hex High Entropy String",
        "filename": "allure-results/94a1449d-747b-481e-a358-90213535ea53-result.json",
        "hashed_secret": "3a09daeb17df52c8ee62784a1ac5e7663e4c9aa6",
        "is_verified": false,
        "line_number": 1
      }
    ],
    "allure-results/95aefe89-da18-43a1-9106-b8255a4fedd2-result.json": [
      {
        "type": "Hex High Entropy String",
        "filename": "allure-results/95aefe89-da18-43a1-9106-b8255a4fedd2-result.json",
        "hashed_secret": "82e4cc54bc04dcc4881c603b17f7af92585f7a60",
        "is_verified": false,
        "line_number": 1
      }
    ],
    "allure-results/979026bc-03f0-40ec-ac57-8d60b7f9ba24-result.json": [
      {
        "type": "Hex High Entropy String",
        "filename": "allure-results/979026bc-03f0-40ec-ac57-8d60b7f9ba24-result.json",
        "hashed_secret": "bc5b38e32b5557e9b8ea8084afe4a8c7d4bddbcb",
        "is_verified": false,
        "line_number": 1
      }
    ],
    "allure-results/9960f63c-85e7-4fd5-a040-d5607e9626fd-result.json": [
      {
        "type": "Hex High Entropy String",
        "filename": "allure-results/9960f63c-85e7-4fd5-a040-d5607e9626fd-result.json",
        "hashed_secret": "476a4999858e2bcb0b07fe01eac96e9da6cc7cd2",
        "is_verified": false,
        "line_number": 1
      }
    ],
    "allure-results/9be990c7-8783-49d1-82d1-558e6e9d7e4f-result.json": [
      {
        "type": "Hex High Entropy String",
        "filename": "allure-results/9be990c7-8783-49d1-82d1-558e6e9d7e4f-result.json",
        "hashed_secret": "c40fec1cbf0b609cf7b1038c9e97ce75837b9d1c",
        "is_verified": false,
        "line_number": 1
      }
    ],
    "allure-results/9c953669-125d-4868-b837-751a49e43141-result.json": [
      {
        "type": "Hex High Entropy String",
        "filename": "allure-results/9c953669-125d-4868-b837-751a49e43141-result.json",
        "hashed_secret": "1ef528316a47e2f58590c7628ecff2d8221adec0",
        "is_verified": false,
        "line_number": 1
      }
    ],
    "allure-results/9f80cbbf-f1f6-46d8-b0e2-c813a8e48dc7-result.json": [
      {
        "type": "Hex High Entropy String",
        "filename": "allure-results/9f80cbbf-f1f6-46d8-b0e2-c813a8e48dc7-result.json",
        "hashed_secret": "42ba37e3eb5533529fa43bc2d97dfba0442c39af",
        "is_verified": false,
        "line_number": 1
      }
    ],
    "allure-results/a0ee3790-64e1-4f15-b6ab-d65f83bde794-result.json": [
      {
        "type": "Hex High Entropy String",
        "filename": "allure-results/a0ee3790-64e1-4f15-b6ab-d65f83bde794-result.json",
        "hashed_secret": "b3c648c9d28135a68cf123bf1e8bd4aa2c7a1f7c",
        "is_verified": false,
        "line_number": 1
      }
    ],
    "allure-results/a8edb75e-09ef-43f8-a2e0-c471d9ebae6f-result.json": [
      {
        "type": "Hex High Entropy String",
        "filename": "allure-results/a8edb75e-09ef-43f8-a2e0-c471d9ebae6f-result.json",
        "hashed_secret": "942391db1dfb9d08898a8fec30a5f7d678bdf056",
        "is_verified": false,
        "line_number": 1
      }
    ],
    "allure-results/a9df2fa5-e092-4e35-a862-423ac0736d29-result.json": [
      {
        "type": "Hex High Entropy String",
        "filename": "allure-results/a9df2fa5-e092-4e35-a862-423ac0736d29-result.json",
        "hashed_secret": "4c9b059e15c3df72f2d276b3430e6094d7fcc204",
        "is_verified": false,
        "line_number": 1
      }
    ],
    "allure-results/ad82c2cc-ea50-4cbb-b0e4-933af58ec3c9-result.json": [
      {
        "type": "Hex High Entropy String",
        "filename": "allure-results/ad82c2cc-ea50-4cbb-b0e4-933af58ec3c9-result.json",
        "hashed_secret": "2b1433f3de0147c0e0c39d06a3a1c151c7f12ae9",
        "is_verified": false,
        "line_number": 1
      }
    ],
    "allure-results/adf2cb87-7bdb-4502-b96b-af5e977e1685-result.json": [
      {
        "type": "Hex High Entropy String",
        "filename": "allure-results/adf2cb87-7bdb-4502-b96b-af5e977e1685-result.json",
        "hashed_secret": "0db113329b315658eb40c74ceacc5c5585d9376c",
        "is_verified": false,
        "line_number": 1
      }
    ],
    "allure-results/adfad97f-11ec-4737-8588-0bba95988478-result.json": [
      {
        "type": "Hex High Entropy String",
        "filename": "allure-results/adfad97f-11ec-4737-8588-0bba95988478-result.json",
        "hashed_secret": "54db32be8adaeb3a2e4f11f2766ef383cc28c3b4",
        "is_verified": false,
        "line_number": 1
      }
    ],
    "allure-results/b0774932-2558-46b1-8ba2-05664193afc7-result.json": [
      {
        "type": "Hex High Entropy String",
        "filename": "allure-results/b0774932-2558-46b1-8ba2-05664193afc7-result.json",
        "hashed_secret": "3a09daeb17df52c8ee62784a1ac5e7663e4c9aa6",
        "is_verified": false,
        "line_number": 1
      }
    ],
    "allure-results/b197e1b3-b4ca-47ee-8986-923c66f36ec6-result.json": [
      {
        "type": "Hex High Entropy String",
        "filename": "allure-results/b197e1b3-b4ca-47ee-8986-923c66f36ec6-result.json",
        "hashed_secret": "39648b55faca1b14d2a58c312f4a7153f7e0c766",
        "is_verified": false,
        "line_number": 1
      }
    ],
    "allure-results/b2497a82-bb36-455f-a4d6-aaccaf65f556-result.json": [
      {
        "type": "Hex High Entropy String",
        "filename": "allure-results/b2497a82-bb36-455f-a4d6-aaccaf65f556-result.json",
        "hashed_secret": "df7175aa75d5384002806cc333058752f592df5e",
        "is_verified": false,
        "line_number": 1
      }
    ],
    "allure-results/b2dd424b-c77c-447e-84fb-763738f0d49f-result.json": [
      {
        "type": "Hex High Entropy String",
        "filename": "allure-results/b2dd424b-c77c-447e-84fb-763738f0d49f-result.json",
        "hashed_secret": "3d846a29297f830695b5ede9ac2d6e13294bad73",
        "is_verified": false,
        "line_number": 1
      }
    ],
    "allure-results/b303a2b6-3046-4b12-941d-605569eb5d12-result.json": [
      {
        "type": "Hex High Entropy String",
        "filename": "allure-results/b303a2b6-3046-4b12-941d-605569eb5d12-result.json",
        "hashed_secret": "36a48fd11216a107fd830d980d15274f5cb3cd92",
        "is_verified": false,
        "line_number": 1
      }
    ],
    "allure-results/b42e2a19-117e-4bab-b638-d77433ecf2f4-result.json": [
      {
        "type": "Hex High Entropy String",
        "filename": "allure-results/b42e2a19-117e-4bab-b638-d77433ecf2f4-result.json",
        "hashed_secret": "75e1ac1c7cd45441bf5ee2eca7100e4032dcd216",
        "is_verified": false,
        "line_number": 1
      }
    ],
    "allure-results/b439d6aa-ef9b-48e6-8d8b-adada65bc75a-result.json": [
      {
        "type": "Hex High Entropy String",
        "filename": "allure-results/b439d6aa-ef9b-48e6-8d8b-adada65bc75a-result.json",
        "hashed_secret": "3d846a29297f830695b5ede9ac2d6e13294bad73",
        "is_verified": false,
        "line_number": 1
      }
    ],
    "allure-results/b4d5155d-ffe4-4999-b089-8692234d79c2-result.json": [
      {
        "type": "Hex High Entropy String",
        "filename": "allure-results/b4d5155d-ffe4-4999-b089-8692234d79c2-result.json",
        "hashed_secret": "0fea58a92f2a05352ec8bf2fc626e4d7e468abfd",
        "is_verified": false,
        "line_number": 1
      }
    ],
    "allure-results/b555cd86-92e6-42fa-b38d-506d5ed47960-result.json": [
      {
        "type": "Hex High Entropy String",
        "filename": "allure-results/b555cd86-92e6-42fa-b38d-506d5ed47960-result.json",
        "hashed_secret": "d9e288fcf4917c48fb01b52bad85d2faa27746c7",
        "is_verified": false,
        "line_number": 1
      }
    ],
    "allure-results/b5c190ab-ffdd-44bf-b0c1-b6c24662a2a4-result.json": [
      {
        "type": "Hex High Entropy String",
        "filename": "allure-results/b5c190ab-ffdd-44bf-b0c1-b6c24662a2a4-result.json",
        "hashed_secret": "63612c6586ea72d3626f51c8541f41830243b1f6",
        "is_verified": false,
        "line_number": 1
      }
    ],
    "allure-results/b606bbda-e8e5-4a30-aae3-9528fdc41c13-result.json": [
      {
        "type": "Hex High Entropy String",
        "filename": "allure-results/b606bbda-e8e5-4a30-aae3-9528fdc41c13-result.json",
        "hashed_secret": "436ccc97b63dad15a0c7fd0ecbfa812348506502",
        "is_verified": false,
        "line_number": 1
      }
    ],
    "allure-results/b773ff65-d156-4051-afe1-ee042f23eb79-result.json": [
      {
        "type": "Hex High Entropy String",
        "filename": "allure-results/b773ff65-d156-4051-afe1-ee042f23eb79-result.json",
        "hashed_secret": "a9cf99aeabfb34d11617e3fc9b6eb3ce97adb127",
        "is_verified": false,
        "line_number": 1
      }
    ],
    "allure-results/b779aee8-3955-4636-857d-0151e65977c6-result.json": [
      {
        "type": "Hex High Entropy String",
        "filename": "allure-results/b779aee8-3955-4636-857d-0151e65977c6-result.json",
        "hashed_secret": "c1666c3c527d40f7eef233ed5bf683f7601d8080",
        "is_verified": false,
        "line_number": 1
      }
    ],
    "allure-results/ba55ec79-4172-4f7c-8d97-ae7974916d12-result.json": [
      {
        "type": "Hex High Entropy String",
        "filename": "allure-results/ba55ec79-4172-4f7c-8d97-ae7974916d12-result.json",
        "hashed_secret": "ff711c00ad7c0a44e1ad368c43d62cfa63df22f3",
        "is_verified": false,
        "line_number": 1
      }
    ],
    "allure-results/bbedff63-f699-4801-a0d0-868dd54074a2-result.json": [
      {
        "type": "Hex High Entropy String",
        "filename": "allure-results/bbedff63-f699-4801-a0d0-868dd54074a2-result.json",
        "hashed_secret": "abf7e3e4511d12055a87eef975ced61e5b82a7c2",
        "is_verified": false,
        "line_number": 1
      }
    ],
    "allure-results/bbff3429-2f20-47b4-a8e4-2def84dcb0e1-result.json": [
      {
        "type": "Hex High Entropy String",
        "filename": "allure-results/bbff3429-2f20-47b4-a8e4-2def84dcb0e1-result.json",
        "hashed_secret": "8d11cb6a17eb6715fcb076a154c050811b834c2b",
        "is_verified": false,
        "line_number": 1
      }
    ],
    "allure-results/bc5a8783-1d76-47c1-bacc-70d6e7e76b80-result.json": [
      {
        "type": "Hex High Entropy String",
        "filename": "allure-results/bc5a8783-1d76-47c1-bacc-70d6e7e76b80-result.json",
        "hashed_secret": "63612c6586ea72d3626f51c8541f41830243b1f6",
        "is_verified": false,
        "line_number": 1
      }
    ],
    "allure-results/be8a2952-f24e-40fc-a4d8-ab7eea0c7d80-result.json": [
      {
        "type": "Hex High Entropy String",
        "filename": "allure-results/be8a2952-f24e-40fc-a4d8-ab7eea0c7d80-result.json",
        "hashed_secret": "afd16779fc02d00703f5e71f37d07b046ecd4c64",
        "is_verified": false,
        "line_number": 1
      }
    ],
    "allure-results/bf19ced5-921c-497e-87f5-c100df4a8328-result.json": [
      {
        "type": "Hex High Entropy String",
        "filename": "allure-results/bf19ced5-921c-497e-87f5-c100df4a8328-result.json",
        "hashed_secret": "c7a7a59afa90627480b3c956311d1a99b38f0469",
        "is_verified": false,
        "line_number": 1
      }
    ],
    "allure-results/c13234d3-05c4-4076-9d9c-c5abb611ecd0-result.json": [
      {
        "type": "Hex High Entropy String",
        "filename": "allure-results/c13234d3-05c4-4076-9d9c-c5abb611ecd0-result.json",
        "hashed_secret": "0b8dbf785d60536f180340a68e7b30dd7b4277ff",
        "is_verified": false,
        "line_number": 1
      }
    ],
    "allure-results/c26e4f5b-3643-45da-9d66-bd9f165eebad-result.json": [
      {
        "type": "Hex High Entropy String",
        "filename": "allure-results/c26e4f5b-3643-45da-9d66-bd9f165eebad-result.json",
        "hashed_secret": "6e712fe6c01cc88287f3bc0d668130899a01b419",
        "is_verified": false,
        "line_number": 1
      }
    ],
    "allure-results/c572a1f1-f247-4491-9e16-26ed5e130baa-result.json": [
      {
        "type": "Hex High Entropy String",
        "filename": "allure-results/c572a1f1-f247-4491-9e16-26ed5e130baa-result.json",
        "hashed_secret": "8f1344da094d566d958c6c19a4e56f334ade22ef",
        "is_verified": false,
        "line_number": 1
      }
    ],
    "allure-results/c6270dc9-4439-4f3d-b06e-9c5d3b38c9ae-result.json": [
      {
        "type": "Hex High Entropy String",
        "filename": "allure-results/c6270dc9-4439-4f3d-b06e-9c5d3b38c9ae-result.json",
        "hashed_secret": "eac1722eda03544cb530157f0e8d6bf684b7c289",
        "is_verified": false,
        "line_number": 1
      }
    ],
    "allure-results/c70b6276-4b61-49ec-b557-5dc07817f6b7-result.json": [
      {
        "type": "Hex High Entropy String",
        "filename": "allure-results/c70b6276-4b61-49ec-b557-5dc07817f6b7-result.json",
        "hashed_secret": "10d5bed8ed1ad61f64285ae9c487a6a7c114b7b7",
        "is_verified": false,
        "line_number": 1
      }
    ],
    "allure-results/c725c07f-f8ed-46a8-b18e-ce9a90ae389c-result.json": [
      {
        "type": "Hex High Entropy String",
        "filename": "allure-results/c725c07f-f8ed-46a8-b18e-ce9a90ae389c-result.json",
        "hashed_secret": "051640e3423669183d29cfc84984c4aa318f5950",
        "is_verified": false,
        "line_number": 1
      }
    ],
    "allure-results/c7826d11-4a84-4409-9623-7e1e025c262f-result.json": [
      {
        "type": "Hex High Entropy String",
        "filename": "allure-results/c7826d11-4a84-4409-9623-7e1e025c262f-result.json",
        "hashed_secret": "d80b7ce845ca119aa856361a3614804d6310af2d",
        "is_verified": false,
        "line_number": 1
      }
    ],
    "allure-results/c8403c63-bbcb-4212-9408-8e966072ec96-result.json": [
      {
        "type": "Hex High Entropy String",
        "filename": "allure-results/c8403c63-bbcb-4212-9408-8e966072ec96-result.json",
        "hashed_secret": "82e4cc54bc04dcc4881c603b17f7af92585f7a60",
        "is_verified": false,
        "line_number": 1
      }
    ],
    "allure-results/c96e2b41-c5b3-469f-af67-6241cc4dd94a-result.json": [
      {
        "type": "Hex High Entropy String",
        "filename": "allure-results/c96e2b41-c5b3-469f-af67-6241cc4dd94a-result.json",
        "hashed_secret": "8d11cb6a17eb6715fcb076a154c050811b834c2b",
        "is_verified": false,
        "line_number": 1
      }
    ],
    "allure-results/c9dfdd98-bee4-49fb-9099-bb93459dfe4f-result.json": [
      {
        "type": "Hex High Entropy String",
        "filename": "allure-results/c9dfdd98-bee4-49fb-9099-bb93459dfe4f-result.json",
        "hashed_secret": "ff711c00ad7c0a44e1ad368c43d62cfa63df22f3",
        "is_verified": false,
        "line_number": 1
      }
    ],
    "allure-results/cb05b9d1-e2b8-4226-9e72-c23e72cc9570-result.json": [
      {
        "type": "Hex High Entropy String",
        "filename": "allure-results/cb05b9d1-e2b8-4226-9e72-c23e72cc9570-result.json",
        "hashed_secret": "55d29611158cbef1dcca9400849ec311b2666e75",
        "is_verified": false,
        "line_number": 1
      }
    ],
    "allure-results/cba309ec-b44c-44d2-8143-354efae14ad6-result.json": [
      {
        "type": "Hex High Entropy String",
        "filename": "allure-results/cba309ec-b44c-44d2-8143-354efae14ad6-result.json",
        "hashed_secret": "a8e9b50b38c1630c2289032b0b4ec96306cfa8f1",
        "is_verified": false,
        "line_number": 1
      }
    ],
    "allure-results/cc52f3f0-efa2-45e4-bf62-343a24bb5967-result.json": [
      {
        "type": "Hex High Entropy String",
        "filename": "allure-results/cc52f3f0-efa2-45e4-bf62-343a24bb5967-result.json",
        "hashed_secret": "2b1433f3de0147c0e0c39d06a3a1c151c7f12ae9",
        "is_verified": false,
        "line_number": 1
      }
    ],
    "allure-results/cc5dcf65-00e3-412e-a7d5-644515cb8312-result.json": [
      {
        "type": "Hex High Entropy String",
        "filename": "allure-results/cc5dcf65-00e3-412e-a7d5-644515cb8312-result.json",
        "hashed_secret": "436ccc97b63dad15a0c7fd0ecbfa812348506502",
        "is_verified": false,
        "line_number": 1
      }
    ],
    "allure-results/cd1b3935-0a15-470f-8fcb-d1308debbbcb-result.json": [
      {
        "type": "Hex High Entropy String",
        "filename": "allure-results/cd1b3935-0a15-470f-8fcb-d1308debbbcb-result.json",
        "hashed_secret": "d533c8745e7b847f1ca09d04ce06e58ea1cc0353",
        "is_verified": false,
        "line_number": 1
      }
    ],
    "allure-results/cd42f228-6e21-402a-abd4-a3194fa4c2a4-result.json": [
      {
        "type": "Hex High Entropy String",
        "filename": "allure-results/cd42f228-6e21-402a-abd4-a3194fa4c2a4-result.json",
        "hashed_secret": "eac1722eda03544cb530157f0e8d6bf684b7c289",
        "is_verified": false,
        "line_number": 1
      }
    ],
    "allure-results/ce861a75-3d84-41f2-8120-80b2b8546683-result.json": [
      {
        "type": "Hex High Entropy String",
        "filename": "allure-results/ce861a75-3d84-41f2-8120-80b2b8546683-result.json",
        "hashed_secret": "7cb4f8af6e0a8d1b4836eebe31ca15d6ea6d2d76",
        "is_verified": false,
        "line_number": 1
      }
    ],
    "allure-results/d05b9412-9c94-4d1a-86ee-e240a31ab4dc-result.json": [
      {
        "type": "Hex High Entropy String",
        "filename": "allure-results/d05b9412-9c94-4d1a-86ee-e240a31ab4dc-result.json",
        "hashed_secret": "0fea58a92f2a05352ec8bf2fc626e4d7e468abfd",
        "is_verified": false,
        "line_number": 1
      }
    ],
    "allure-results/d21ad05e-90b0-413b-849b-9cebfc4019c8-result.json": [
      {
        "type": "Hex High Entropy String",
        "filename": "allure-results/d21ad05e-90b0-413b-849b-9cebfc4019c8-result.json",
        "hashed_secret": "d80b7ce845ca119aa856361a3614804d6310af2d",
        "is_verified": false,
        "line_number": 1
      }
    ],
    "allure-results/d2cfa908-d72e-446b-8879-7c3ae702d03f-result.json": [
      {
        "type": "Hex High Entropy String",
        "filename": "allure-results/d2cfa908-d72e-446b-8879-7c3ae702d03f-result.json",
        "hashed_secret": "476a4999858e2bcb0b07fe01eac96e9da6cc7cd2",
        "is_verified": false,
        "line_number": 1
      }
    ],
    "allure-results/d452a30e-7f3b-415f-aee0-0149c1b9c3cf-result.json": [
      {
        "type": "Hex High Entropy String",
        "filename": "allure-results/d452a30e-7f3b-415f-aee0-0149c1b9c3cf-result.json",
        "hashed_secret": "942391db1dfb9d08898a8fec30a5f7d678bdf056",
        "is_verified": false,
        "line_number": 1
      }
    ],
    "allure-results/d83e6de4-2c1e-4e77-9e19-a394410e1362-result.json": [
      {
        "type": "Hex High Entropy String",
        "filename": "allure-results/d83e6de4-2c1e-4e77-9e19-a394410e1362-result.json",
        "hashed_secret": "b09f2fab732bf4abd21712cf44b31b96cc269ed2",
        "is_verified": false,
        "line_number": 1
      }
    ],
    "allure-results/d846cf25-f362-4642-8c8f-72accdd0b369-result.json": [
      {
        "type": "Hex High Entropy String",
        "filename": "allure-results/d846cf25-f362-4642-8c8f-72accdd0b369-result.json",
        "hashed_secret": "b09f2fab732bf4abd21712cf44b31b96cc269ed2",
        "is_verified": false,
        "line_number": 1
      }
    ],
    "allure-results/d931168f-9316-4165-8d42-30ffe76ce79e-result.json": [
      {
        "type": "Hex High Entropy String",
        "filename": "allure-results/d931168f-9316-4165-8d42-30ffe76ce79e-result.json",
        "hashed_secret": "025b61a91876d0472fbe7cba1d39430fe45b41f9",
        "is_verified": false,
        "line_number": 1
      }
    ],
    "allure-results/d9e27c5f-a088-4d3d-87da-b69c0c89cd4f-result.json": [
      {
        "type": "Hex High Entropy String",
        "filename": "allure-results/d9e27c5f-a088-4d3d-87da-b69c0c89cd4f-result.json",
        "hashed_secret": "2ebec9c2e83fc67aa420cb4dd6fda37e4cd7e744",
        "is_verified": false,
        "line_number": 1
      }
    ],
    "allure-results/da1c5b81-4950-41b4-acc7-b1b63c9e9b39-result.json": [
      {
        "type": "Hex High Entropy String",
        "filename": "allure-results/da1c5b81-4950-41b4-acc7-b1b63c9e9b39-result.json",
        "hashed_secret": "15e7701cafc170c2d59849343a47daf5166f1e61",
        "is_verified": false,
        "line_number": 1
      }
    ],
    "allure-results/dcb6deda-768c-4ec5-a243-0013d1049a03-result.json": [
      {
        "type": "Hex High Entropy String",
        "filename": "allure-results/dcb6deda-768c-4ec5-a243-0013d1049a03-result.json",
        "hashed_secret": "73205c8c8047c1ad7110f3a5770b5ecd5b362def",
        "is_verified": false,
        "line_number": 1
      }
    ],
    "allure-results/dcf0a3ab-db94-4019-9782-d8211b262b6d-result.json": [
      {
        "type": "Hex High Entropy String",
        "filename": "allure-results/dcf0a3ab-db94-4019-9782-d8211b262b6d-result.json",
        "hashed_secret": "f2e4a8459efb2404a0c96a6635e970320f62c271",
        "is_verified": false,
        "line_number": 1
      }
    ],
    "allure-results/dd16d3d6-8436-421d-93eb-dcb5a6c7fc07-result.json": [
      {
        "type": "Hex High Entropy String",
        "filename": "allure-results/dd16d3d6-8436-421d-93eb-dcb5a6c7fc07-result.json",
        "hashed_secret": "bc5b38e32b5557e9b8ea8084afe4a8c7d4bddbcb",
        "is_verified": false,
        "line_number": 1
      }
    ],
    "allure-results/dd1eb819-1673-4a77-8aef-e68c631385e5-result.json": [
      {
        "type": "Hex High Entropy String",
        "filename": "allure-results/dd1eb819-1673-4a77-8aef-e68c631385e5-result.json",
        "hashed_secret": "afd16779fc02d00703f5e71f37d07b046ecd4c64",
        "is_verified": false,
        "line_number": 1
      }
    ],
    "allure-results/ddd07deb-256b-464f-9f54-d12044e26ce9-result.json": [
      {
        "type": "Hex High Entropy String",
        "filename": "allure-results/ddd07deb-256b-464f-9f54-d12044e26ce9-result.json",
        "hashed_secret": "ddf82addd0d3d8bcfcc7608ca7cbfac4afff4f22",
        "is_verified": false,
        "line_number": 1
      }
    ],
    "allure-results/e335a55b-fa35-4247-a862-312ceb1ca29f-result.json": [
      {
        "type": "Hex High Entropy String",
        "filename": "allure-results/e335a55b-fa35-4247-a862-312ceb1ca29f-result.json",
        "hashed_secret": "36a48fd11216a107fd830d980d15274f5cb3cd92",
        "is_verified": false,
        "line_number": 1
      }
    ],
    "allure-results/e46a5561-1b93-488c-a837-dbeddfbad1b9-result.json": [
      {
        "type": "Hex High Entropy String",
        "filename": "allure-results/e46a5561-1b93-488c-a837-dbeddfbad1b9-result.json",
        "hashed_secret": "4060498312f865445043111bc5dfb41f58538267",
        "is_verified": false,
        "line_number": 1
      }
    ],
    "allure-results/e58e867f-d647-4dfc-aed5-d037e6d3dd85-result.json": [
      {
        "type": "Hex High Entropy String",
        "filename": "allure-results/e58e867f-d647-4dfc-aed5-d037e6d3dd85-result.json",
        "hashed_secret": "15e7701cafc170c2d59849343a47daf5166f1e61",
        "is_verified": false,
        "line_number": 1
      }
    ],
    "allure-results/e6044e82-60e2-43f5-b10d-923b4acd5f0b-result.json": [
      {
        "type": "Hex High Entropy String",
        "filename": "allure-results/e6044e82-60e2-43f5-b10d-923b4acd5f0b-result.json",
        "hashed_secret": "e48c8581a6a4396c4c2049c91a11d30a8301b987",
        "is_verified": false,
        "line_number": 1
      }
    ],
    "allure-results/e73f8385-f674-46f2-b1e4-44bf9f371129-result.json": [
      {
        "type": "Hex High Entropy String",
        "filename": "allure-results/e73f8385-f674-46f2-b1e4-44bf9f371129-result.json",
        "hashed_secret": "10d5bed8ed1ad61f64285ae9c487a6a7c114b7b7",
        "is_verified": false,
        "line_number": 1
      }
    ],
    "allure-results/e793b7f9-eeb7-466f-947d-3a5143ba7cd2-result.json": [
      {
        "type": "Hex High Entropy String",
        "filename": "allure-results/e793b7f9-eeb7-466f-947d-3a5143ba7cd2-result.json",
        "hashed_secret": "a9cf99aeabfb34d11617e3fc9b6eb3ce97adb127",
        "is_verified": false,
        "line_number": 1
      }
    ],
    "allure-results/e7e54c1f-aa25-40f3-a19d-02df08c27aa3-result.json": [
      {
        "type": "Hex High Entropy String",
        "filename": "allure-results/e7e54c1f-aa25-40f3-a19d-02df08c27aa3-result.json",
        "hashed_secret": "a8e9b50b38c1630c2289032b0b4ec96306cfa8f1",
        "is_verified": false,
        "line_number": 1
      }
    ],
    "allure-results/e92ff8cf-5d0f-482a-8d74-6f13b5bfa78c-result.json": [
      {
        "type": "Hex High Entropy String",
        "filename": "allure-results/e92ff8cf-5d0f-482a-8d74-6f13b5bfa78c-result.json",
        "hashed_secret": "75e1ac1c7cd45441bf5ee2eca7100e4032dcd216",
        "is_verified": false,
        "line_number": 1
      }
    ],
    "allure-results/ed54bb19-2e3f-4315-a0df-483953ebcdff-result.json": [
      {
        "type": "Hex High Entropy String",
        "filename": "allure-results/ed54bb19-2e3f-4315-a0df-483953ebcdff-result.json",
        "hashed_secret": "b9e1a7e59e2125a4684caf0685a2c01455a4f74f",
        "is_verified": false,
        "line_number": 1
      }
    ],
    "allure-results/efac7a11-d2e3-4541-994c-52b90f3a8566-result.json": [
      {
        "type": "Hex High Entropy String",
        "filename": "allure-results/efac7a11-d2e3-4541-994c-52b90f3a8566-result.json",
        "hashed_secret": "6c6fa482935e76cf66891c2f4cd92aee045f7774",
        "is_verified": false,
        "line_number": 1
      }
    ],
    "allure-results/f06c6796-a23e-4023-abb9-197e2d9bad15-result.json": [
      {
        "type": "Hex High Entropy String",
        "filename": "allure-results/f06c6796-a23e-4023-abb9-197e2d9bad15-result.json",
        "hashed_secret": "55d29611158cbef1dcca9400849ec311b2666e75",
        "is_verified": false,
        "line_number": 1
      }
    ],
    "allure-results/f369f4a9-0811-462e-b4c3-cd3735712539-result.json": [
      {
        "type": "Hex High Entropy String",
        "filename": "allure-results/f369f4a9-0811-462e-b4c3-cd3735712539-result.json",
        "hashed_secret": "c1666c3c527d40f7eef233ed5bf683f7601d8080",
        "is_verified": false,
        "line_number": 1
      }
    ],
    "allure-results/f4a6cf24-03d2-4b25-b506-106842d18f99-result.json": [
      {
        "type": "Hex High Entropy String",
        "filename": "allure-results/f4a6cf24-03d2-4b25-b506-106842d18f99-result.json",
        "hashed_secret": "39648b55faca1b14d2a58c312f4a7153f7e0c766",
        "is_verified": false,
        "line_number": 1
      }
    ],
    "allure-results/f4b6141f-a277-4d7e-acda-07a56a8c1cde-result.json": [
      {
        "type": "Hex High Entropy String",
        "filename": "allure-results/f4b6141f-a277-4d7e-acda-07a56a8c1cde-result.json",
        "hashed_secret": "ab6ae4257abc55f3695a9b5c8fb56d22af82b21f",
        "is_verified": false,
        "line_number": 1
      }
    ],
    "allure-results/f5639503-6a0c-4218-9380-bd29bb2f2937-result.json": [
      {
        "type": "Hex High Entropy String",
        "filename": "allure-results/f5639503-6a0c-4218-9380-bd29bb2f2937-result.json",
        "hashed_secret": "0da8da55e708b8bf932571086d96118f9f71124b",
        "is_verified": false,
        "line_number": 1
      }
    ],
    "allure-results/f8459770-fc76-40bb-9767-8a4293aafa42-result.json": [
      {
        "type": "Hex High Entropy String",
        "filename": "allure-results/f8459770-fc76-40bb-9767-8a4293aafa42-result.json",
        "hashed_secret": "8f655ed6f1b6c503cfce9fd840710bf48152e46d",
        "is_verified": false,
        "line_number": 1
      }
    ],
    "allure-results/fa268b11-7a3a-4f40-a9b3-ecf03ccc45c8-result.json": [
      {
        "type": "Hex High Entropy String",
        "filename": "allure-results/fa268b11-7a3a-4f40-a9b3-ecf03ccc45c8-result.json",
        "hashed_secret": "eac12ec0ce3427b489b5fd7f3a425b1f42a15c80",
        "is_verified": false,
        "line_number": 1
      }
    ],
    "allure-results/fa30dff1-be27-42e2-b986-e1949f383e5c-result.json": [
      {
        "type": "Hex High Entropy String",
        "filename": "allure-results/fa30dff1-be27-42e2-b986-e1949f383e5c-result.json",
        "hashed_secret": "bc9661d388c68ae143ab2ac7b12f0a97b7098f85",
        "is_verified": false,
        "line_number": 1
      }
    ],
    "allure-results/fa635d1f-eeed-4a67-8a4a-6d7bf750b12e-result.json": [
      {
        "type": "Hex High Entropy String",
        "filename": "allure-results/fa635d1f-eeed-4a67-8a4a-6d7bf750b12e-result.json",
        "hashed_secret": "d401e3f2606eda6af67ce402f2eb3134db025191",
        "is_verified": false,
        "line_number": 1
      }
    ],
    "allure-results/faa6f493-41d5-4fbf-ae1c-15b7b3552365-result.json": [
      {
        "type": "Hex High Entropy String",
        "filename": "allure-results/faa6f493-41d5-4fbf-ae1c-15b7b3552365-result.json",
        "hashed_secret": "59e33e41bfc10d02e2319559b1494c7959c7a7d1",
        "is_verified": false,
        "line_number": 1
      }
    ],
    "allure-results/fb163e41-7e19-4d64-bd65-c574fe0b5093-result.json": [
      {
        "type": "Hex High Entropy String",
        "filename": "allure-results/fb163e41-7e19-4d64-bd65-c574fe0b5093-result.json",
        "hashed_secret": "c83d4454df24ef957e2c228b97870ca7585f8844",
        "is_verified": false,
        "line_number": 1
      }
    ],
    "allure-results/fc38ef14-6256-44fb-ad65-f0fa4207214e-result.json": [
      {
        "type": "Hex High Entropy String",
        "filename": "allure-results/fc38ef14-6256-44fb-ad65-f0fa4207214e-result.json",
        "hashed_secret": "c2c3dd012afb93a80c28e76ff615312babc3d581",
        "is_verified": false,
        "line_number": 1
      }
    ]
  },
  "generated_at": "2025-04-30T12:16:35Z"
}
